Archive member included to satisfy reference by file (symbol)

C:/ST/STM32CubeIDE_1.13.1/STM32CubeIDE/plugins/com.st.stm32cube.ide.mcu.externaltools.gnu-tools-for-stm32.11.3.rel1.win32_1.1.0.202305231506/tools/bin/../lib/gcc/arm-none-eabi/11.3.1/../../../../arm-none-eabi/lib/thumb/v7e-m+fp/hard\libc_nano.a(libc_a-exit.o)
                              C:/ST/STM32CubeIDE_1.13.1/STM32CubeIDE/plugins/com.st.stm32cube.ide.mcu.externaltools.gnu-tools-for-stm32.11.3.rel1.win32_1.1.0.202305231506/tools/bin/../lib/gcc/arm-none-eabi/11.3.1/../../../../arm-none-eabi/lib/thumb/v7e-m+fp/hard/crt0.o (exit)
C:/ST/STM32CubeIDE_1.13.1/STM32CubeIDE/plugins/com.st.stm32cube.ide.mcu.externaltools.gnu-tools-for-stm32.11.3.rel1.win32_1.1.0.202305231506/tools/bin/../lib/gcc/arm-none-eabi/11.3.1/../../../../arm-none-eabi/lib/thumb/v7e-m+fp/hard\libc_nano.a(libc_a-malloc.o)
                              ./Src/GUI_Paint.o (malloc)
C:/ST/STM32CubeIDE_1.13.1/STM32CubeIDE/plugins/com.st.stm32cube.ide.mcu.externaltools.gnu-tools-for-stm32.11.3.rel1.win32_1.1.0.202305231506/tools/bin/../lib/gcc/arm-none-eabi/11.3.1/../../../../arm-none-eabi/lib/thumb/v7e-m+fp/hard\libc_nano.a(libc_a-mallocr.o)
                              C:/ST/STM32CubeIDE_1.13.1/STM32CubeIDE/plugins/com.st.stm32cube.ide.mcu.externaltools.gnu-tools-for-stm32.11.3.rel1.win32_1.1.0.202305231506/tools/bin/../lib/gcc/arm-none-eabi/11.3.1/../../../../arm-none-eabi/lib/thumb/v7e-m+fp/hard\libc_nano.a(libc_a-malloc.o) (_malloc_r)
C:/ST/STM32CubeIDE_1.13.1/STM32CubeIDE/plugins/com.st.stm32cube.ide.mcu.externaltools.gnu-tools-for-stm32.11.3.rel1.win32_1.1.0.202305231506/tools/bin/../lib/gcc/arm-none-eabi/11.3.1/../../../../arm-none-eabi/lib/thumb/v7e-m+fp/hard\libc_nano.a(libc_a-mlock.o)
                              C:/ST/STM32CubeIDE_1.13.1/STM32CubeIDE/plugins/com.st.stm32cube.ide.mcu.externaltools.gnu-tools-for-stm32.11.3.rel1.win32_1.1.0.202305231506/tools/bin/../lib/gcc/arm-none-eabi/11.3.1/../../../../arm-none-eabi/lib/thumb/v7e-m+fp/hard\libc_nano.a(libc_a-mallocr.o) (__malloc_lock)
C:/ST/STM32CubeIDE_1.13.1/STM32CubeIDE/plugins/com.st.stm32cube.ide.mcu.externaltools.gnu-tools-for-stm32.11.3.rel1.win32_1.1.0.202305231506/tools/bin/../lib/gcc/arm-none-eabi/11.3.1/../../../../arm-none-eabi/lib/thumb/v7e-m+fp/hard\libc_nano.a(libc_a-findfp.o)
                              C:/ST/STM32CubeIDE_1.13.1/STM32CubeIDE/plugins/com.st.stm32cube.ide.mcu.externaltools.gnu-tools-for-stm32.11.3.rel1.win32_1.1.0.202305231506/tools/bin/../lib/gcc/arm-none-eabi/11.3.1/../../../../arm-none-eabi/lib/thumb/v7e-m+fp/hard\libc_nano.a(libc_a-exit.o) (__stdio_exit_handler)
C:/ST/STM32CubeIDE_1.13.1/STM32CubeIDE/plugins/com.st.stm32cube.ide.mcu.externaltools.gnu-tools-for-stm32.11.3.rel1.win32_1.1.0.202305231506/tools/bin/../lib/gcc/arm-none-eabi/11.3.1/../../../../arm-none-eabi/lib/thumb/v7e-m+fp/hard\libc_nano.a(libc_a-fwalk.o)
                              C:/ST/STM32CubeIDE_1.13.1/STM32CubeIDE/plugins/com.st.stm32cube.ide.mcu.externaltools.gnu-tools-for-stm32.11.3.rel1.win32_1.1.0.202305231506/tools/bin/../lib/gcc/arm-none-eabi/11.3.1/../../../../arm-none-eabi/lib/thumb/v7e-m+fp/hard\libc_nano.a(libc_a-findfp.o) (_fwalk_sglue)
C:/ST/STM32CubeIDE_1.13.1/STM32CubeIDE/plugins/com.st.stm32cube.ide.mcu.externaltools.gnu-tools-for-stm32.11.3.rel1.win32_1.1.0.202305231506/tools/bin/../lib/gcc/arm-none-eabi/11.3.1/../../../../arm-none-eabi/lib/thumb/v7e-m+fp/hard\libc_nano.a(libc_a-printf.o)
                              ./Src/GUI_Paint.o (printf)
C:/ST/STM32CubeIDE_1.13.1/STM32CubeIDE/plugins/com.st.stm32cube.ide.mcu.externaltools.gnu-tools-for-stm32.11.3.rel1.win32_1.1.0.202305231506/tools/bin/../lib/gcc/arm-none-eabi/11.3.1/../../../../arm-none-eabi/lib/thumb/v7e-m+fp/hard\libc_nano.a(libc_a-puts.o)
                              ./Src/GUI_Paint.o (puts)
C:/ST/STM32CubeIDE_1.13.1/STM32CubeIDE/plugins/com.st.stm32cube.ide.mcu.externaltools.gnu-tools-for-stm32.11.3.rel1.win32_1.1.0.202305231506/tools/bin/../lib/gcc/arm-none-eabi/11.3.1/../../../../arm-none-eabi/lib/thumb/v7e-m+fp/hard\libc_nano.a(libc_a-snprintf.o)
                              ./Src/pulse_ox_display.o (snprintf)
C:/ST/STM32CubeIDE_1.13.1/STM32CubeIDE/plugins/com.st.stm32cube.ide.mcu.externaltools.gnu-tools-for-stm32.11.3.rel1.win32_1.1.0.202305231506/tools/bin/../lib/gcc/arm-none-eabi/11.3.1/../../../../arm-none-eabi/lib/thumb/v7e-m+fp/hard\libc_nano.a(libc_a-sprintf.o)
                              ./Src/GUI_Paint.o (sprintf)
C:/ST/STM32CubeIDE_1.13.1/STM32CubeIDE/plugins/com.st.stm32cube.ide.mcu.externaltools.gnu-tools-for-stm32.11.3.rel1.win32_1.1.0.202305231506/tools/bin/../lib/gcc/arm-none-eabi/11.3.1/../../../../arm-none-eabi/lib/thumb/v7e-m+fp/hard\libc_nano.a(libc_a-stdio.o)
[...]
Memory Configuration

Name             Origin             Length             Attributes
RAM              0x0000000020000000 0x0000000000020000 xrw
FLASH            0x0000000008000000 0x0000000000080000 xr
*default*        0x0000000000000000 0xffffffffffffffff

Linker script and memory map

LOAD C:/ST/STM32CubeIDE_1.13.1/STM32CubeIDE/plugins/com.st.stm32cube.ide.mcu.externaltools.gnu-tools-for-stm32.11.3.rel1.win32_1.1.0.202305231506/tools/bin/../lib/gcc/arm-none-eabi/11.3.1/thumb/v7e-m+fp/hard/crti.o
LOAD C:/ST/STM32CubeIDE_1.13.1/STM32CubeIDE/plugins/com.st.stm32cube.ide.mcu.externaltools.gnu-tools-for-stm32.11.3.rel1.win32_1.1.0.202305231506/tools/bin/../lib/gcc/arm-none-eabi/11.3.1/thumb/v7e-m+fp/hard/crtbegin.o
LOAD C:/ST/STM32CubeIDE_1.13.1/STM32CubeIDE/plugins/com.st.stm32cube.ide.mcu.externaltools.gnu-tools-for-stm32.11.3.rel1.win32_1.1.0.202305231506/tools/bin/../lib/gcc/arm-none-eabi/11.3.1/../../../../arm-none-eabi/lib/thumb/v7e-m+fp/hard/crt0.o
LOAD ./Src/DEV_Config.o
LOAD ./Src/GUI_Paint.o
LOAD ./Src/LCD_1inch28.o
LOAD ./Src/LCD_1inch28_test.o
LOAD ./Src/display_driver.o
LOAD ./Src/font12.o
LOAD ./Src/font16.o
LOAD ./Src/font20.o
LOAD ./Src/font24.o
LOAD ./Src/font8.o
LOAD ./Src/fpu.o
LOAD ./Src/i2c.o
LOAD ./Src/image.o
LOAD ./Src/main.o
LOAD ./Src/max30102.o
LOAD ./Src/max30102_lib.o
LOAD ./Src/pulse_ox_display.o
LOAD ./Src/pulse_oximetry_lib.o
LOAD ./Src/rtc.o
LOAD ./Src/spi.o
LOAD ./Src/syscalls.o
LOAD ./Src/sysmem.o
LOAD ./Src/timebase.o
LOAD ./Src/uart.o
LOAD ./Startup/startup_stm32f411retx.o
START GROUP
LOAD C:/ST/STM32CubeIDE_1.13.1/STM32CubeIDE/plugins/com.st.stm32cube.ide.mcu.externaltools.gnu-tools-for-stm32.11.3.rel1.win32_1.1.0.202305231506/tools/bin/../lib/gcc/arm-none-eabi/11.3.1/../../../../arm-none-eabi/lib/thumb/v7e-m+fp/hard\libc_nano.a
LOAD C:/ST/STM32CubeIDE_1.13.1/STM32CubeIDE/plugins/com.st.stm32cube.ide.mcu.externaltools.gnu-tools-for-stm32.11.3.rel1.win32_1.1.0.202305231506/tools/bin/../lib/gcc/arm-none-eabi/11.3.1/../../../../arm-none-eabi/lib/thumb/v7e-m+fp/hard\libm.a
END GROUP
START GROUP
LOAD C:/ST/STM32CubeIDE_1.13.1/STM32CubeIDE/plugins/com.st.stm32cube.ide.mcu.externaltools.gnu-tools-for-stm32.11.3.rel1.win32_1.1.0.202305231506/tools/bin/../lib/gcc/arm-none-eabi/11.3.1/thumb/v7e-m+fp/hard\libgcc.a
LOAD C:/ST/STM32CubeIDE_1.13.1/STM32CubeIDE/plugins/com.st.stm32cube.ide.mcu.externaltools.gnu-tools-for-stm32.11.3.rel1.win32_1.1.0.202305231506/tools/bin/../lib/gcc/arm-none-eabi/11.3.1/../../../../arm-none-eabi/lib/thumb/v7e-m+fp/hard\libc_nano.a
END GROUP
START GROUP
LOAD C:/ST/STM32CubeIDE_1.13.1/STM32CubeIDE/plugins/com.st.stm32cube.ide.mcu.externaltools.gnu-tools-for-stm32.11.3.rel1.win32_1.1.0.202305231506/tools/bin/../lib/gcc/arm-none-eabi/11.3.1/thumb/v7e-m+fp/hard\libgcc.a
LOAD C:/ST/STM32CubeIDE_1.13.1/STM32CubeIDE/plugins/com.st.stm32cube.ide.mcu.externaltools.gnu-tools-for-stm32.11.3.rel1.win32_1.1.0.202305231506/tools/bin/../lib/gcc/arm-none-eabi/11.3.1/../../../../arm-none-eabi/lib/thumb/v7e-m+fp/hard\libc_nano.a
LOAD C:/ST/STM32CubeIDE_1.13.1/STM32CubeIDE/plugins/com.st.stm32cube.ide.mcu.externaltools.gnu-tools-for-stm32.11.3.rel1.win32_1.1.0.202305231506/tools/bin/../lib/gcc/arm-none-eabi/11.3.1/../../../../arm-none-eabi/lib/thumb/v7e-m+fp/hard\libnosys.a
END GROUP
START GROUP
LOAD C:/ST/STM32CubeIDE_1.13.1/STM32CubeIDE/plugins/com.st.stm32cube.ide.mcu.externaltools.gnu-tools-for-stm32.11.3.rel1.win32_1.1.0.202305231506/tools/bin/../lib/gcc/arm-none-eabi/11.3.1/thumb/v7e-m+fp/hard\libgcc.a
LOAD C:/ST/STM32CubeIDE_1.13.1/STM32CubeIDE/plugins/com.st.stm32cube.ide.mcu.externaltools.gnu-tools-for-stm32.11.3.rel1.win32_1.1.0.202305231506/tools/bin/../lib/gcc/arm-none-eabi/11.3.1/../../../../arm-none-eabi/lib/thumb/v7e-m+fp/hard\libc_nano.a
LOAD C:/ST/STM32CubeIDE_1.13.1/STM32CubeIDE/plugins/com.st.stm32cube.ide.mcu.externaltools.gnu-tools-for-stm32.11.3.rel1.win32_1.1.0.202305231506/tools/bin/../lib/gcc/arm-none-eabi/11.3.1/../../../../arm-none-eabi/lib/thumb/v7e-m+fp/hard\libnosys.a
END GROUP
LOAD C:/ST/STM32CubeIDE_1.13.1/STM32CubeIDE/plugins/com.st.stm32cube.ide.mcu.externaltools.gnu-tools-for-stm32.11.3.rel1.win32_1.1.0.202305231506/tools/bin/../lib/gcc/arm-none-eabi/11.3.1/thumb/v7e-m+fp/hard/crtend.o
LOAD C:/ST/STM32CubeIDE_1.13.1/STM32CubeIDE/plugins/com.st.stm32cube.ide.mcu.externaltools.gnu-tools-for-stm32.11.3.rel1.win32_1.1.0.202305231506/tools/bin/../lib/gcc/arm-none-eabi/11.3.1/thumb/v7e-m+fp/hard/crtn.o
                0x0000000020020000                _estack = (ORIGIN (RAM) + LENGTH (RAM))
                0x0000000000000200                _Min_Heap_Size = 0x200
                0x0000000000000400                _Min_Stack_Size = 0x400

.isr_vector     0x0000000008000000      0x198
                0x0000000008000000                . = ALIGN (0x4)
 *(.isr_vector)
 .isr_vector    0x0000000008000000      0x198 ./Startup/startup_stm32f411retx.o
                0x0000000008000000                g_pfnVectors
                0x0000000008000198                . = ALIGN (0x4)

.text           0x00000000080001a0     0x52c0
                0x00000000080001a0                . = ALIGN (0x4)
 *(.text)
 .text          0x00000000080001a0       0x40 C:/ST/STM32CubeIDE_1.13.1/STM32CubeIDE/plugins/com.st.stm32cube.ide.mcu.externaltools.gnu-tools-for-stm32.11.3.rel1.win32_1.1.0.202305231506/tools/bin/../lib/gcc/arm-none-eabi/11.3.1/thumb/v7e-m+fp/hard/crtbegin.o
 .text          0x00000000080001e0       0xa0 C:/ST/STM32CubeIDE_1.13.1/STM32CubeIDE/plugins/com.st.stm32cube.ide.mcu.externaltools.gnu-tools-for-stm32.11.3.rel1.win32_1.1.0.202305231506/tools/bin/../lib/gcc/arm-none-eabi/11.3.1/../../../../arm-none-eabi/lib/thumb/v7e-m+fp/hard\libc_nano.a(libc_a-memchr.o)
                0x00000000080001e0                memchr
 .text          0x0000000008000280      0x378 C:/ST/STM32CubeIDE_1.13.1/STM32CubeIDE/plugins/com.st.stm32cube.ide.mcu.externaltools.gnu-tools-for-stm32.11.3.rel1.win32_1.1.0.202305231506/tools/bin/../lib/gcc/arm-none-eabi/11.3.1/thumb/v7e-m+fp/hard\libgcc.a(_arm_addsubdf3.o)
                0x0000000008000280                __aeabi_drsub
                0x0000000008000288                __aeabi_dsub
                0x0000000008000288                __subdf3
                0x000000000800028c                __aeabi_dadd
                0x000000000800028c                __adddf3
                0x0000000008000504                __floatunsidf
                0x0000000008000504                __aeabi_ui2d
                0x0000000008000524                __floatsidf
                0x0000000008000524                __aeabi_i2d
                0x0000000008000548                __aeabi_f2d
                0x0000000008000548                __extendsfdf2
                0x000000000800058c                __floatundidf
                0x000000000800058c                __aeabi_ul2d
                0x000000000800059c                __floatdidf
                0x000000000800059c                __aeabi_l2d
 .text          0x00000000080005f8      0x424 C:/ST/STM32CubeIDE_1.13.1/STM32CubeIDE/plugins/com.st.stm32cube.ide.mcu.externaltools.gnu-tools-for-stm32.11.3.rel1.win32_1.1.0.202305231506/tools/bin/../lib/gcc/arm-none-eabi/11.3.1/thumb/v7e-m+fp/hard\libgcc.a(_arm_muldivdf3.o)
                0x00000000080005f8                __aeabi_dmul
                0x00000000080005f8                __muldf3
                0x000000000800084c                __divdf3
                0x000000000800084c                __aeabi_ddiv
 .text          0x0000000008000a1c      0x110 C:/ST/STM32CubeIDE_1.13.1/STM32CubeIDE/plugins/com.st.stm32cube.ide.mcu.externaltools.gnu-tools-for-stm32.11.3.rel1.win32_1.1.0.202305231506/tools/bin/../lib/gcc/arm-none-eabi/11.3.1/thumb/v7e-m+fp/hard\libgcc.a(_arm_cmpdf2.o)
                0x0000000008000a1c                __gtdf2
                0x0000000008000a1c                __gedf2
                0x0000000008000a24                __ltdf2
                0x0000000008000a24                __ledf2
                0x0000000008000a2c                __nedf2
                0x0000000008000a2c                __eqdf2
                0x0000000008000a2c                __cmpdf2
                0x0000000008000aa8                __aeabi_cdrcmple
                0x0000000008000ab8                __aeabi_cdcmpeq
                0x0000000008000ab8                __aeabi_cdcmple
                0x0000000008000ac8                __aeabi_dcmpeq
                0x0000000008000adc                __aeabi_dcmplt
                0x0000000008000af0                __aeabi_dcmple
                0x0000000008000b04                __aeabi_dcmpge
                0x0000000008000b18                __aeabi_dcmpgt
 .text          0x0000000008000b2c       0x2c C:/ST/STM32CubeIDE_1.13.1/STM32CubeIDE/plugins/com.st.stm32cube.ide.mcu.externaltools.gnu-tools-for-stm32.11.3.rel1.win32_1.1.0.202305231506/tools/bin/../lib/gcc/arm-none-eabi/11.3.1/thumb/v7e-m+fp/hard\libgcc.a(_arm_unorddf2.o)
                0x0000000008000b2c                __unorddf2
                0x0000000008000b2c                __aeabi_dcmpun
 .text          0x0000000008000b58       0xa0 C:/ST/STM32CubeIDE_1.13.1/STM32CubeIDE/plugins/com.st.stm32cube.ide.mcu.externaltools.gnu-tools-for-stm32.11.3.rel1.win32_1.1.0.202305231506/tools/bin/../lib/gcc/arm-none-eabi/11.3.1/thumb/v7e-m+fp/hard\libgcc.a(_arm_truncdfsf2.o)
                0x0000000008000b58                __truncdfsf2
                0x0000000008000b58                __aeabi_d2f
 *(.text*)
 .text.DEV_Digital_Write
                0x0000000008000bf8       0x32 ./Src/DEV_Config.o
                0x0000000008000bf8                DEV_Digital_Write
 *fill*         0x0000000008000c2a        0x2 
 .text.DEV_SPI_WRite
                0x0000000008000c2c       0x24 ./Src/DEV_Config.o
                0x0000000008000c2c                DEV_SPI_WRite
 .text.DEV_Module_Init
                0x0000000008000c50       0x34 ./Src/DEV_Config.o
                0x0000000008000c50                DEV_Module_Init
 .text.Paint_NewImage
                0x0000000008000c84       0x98 ./Src/GUI_Paint.o
                0x0000000008000c84                Paint_NewImage
 .text.Paint_SetClearFuntion
                0x0000000008000d1c       0x20 ./Src/GUI_Paint.o
                0x0000000008000d1c                Paint_SetClearFuntion
 .text.Paint_SetDisplayFuntion
                0x0000000008000d3c       0x20 ./Src/GUI_Paint.o
                0x0000000008000d3c                Paint_SetDisplayFuntion
 .text.Paint_SetPixel
                0x0000000008000d5c      0x160 ./Src/GUI_Paint.o
                0x0000000008000d5c                Paint_SetPixel
 .text.Paint_DrawPoint
                0x0000000008000ebc      0x138 ./Src/GUI_Paint.o
                0x0000000008000ebc                Paint_DrawPoint
 .text.Paint_DrawLine
                0x0000000008000ff4      0x160 ./Src/GUI_Paint.o
                0x0000000008000ff4                Paint_DrawLine
 .text.Paint_DrawCircle
                0x0000000008001154      0x31c ./Src/GUI_Paint.o
                0x0000000008001154                Paint_DrawCircle
 .text.Paint_DrawChar
                0x0000000008001470      0x158 ./Src/GUI_Paint.o
                0x0000000008001470                Paint_DrawChar
 .text.Paint_DrawString_EN
                0x00000000080015c8       0xb0 ./Src/GUI_Paint.o
                0x00000000080015c8                Paint_DrawString_EN
 .text.LCD_1IN28_Reset
                0x0000000008001678       0x44 ./Src/LCD_1inch28.o
 .text.LCD_1IN28_SendCommand
                0x00000000080016bc       0x38 ./Src/LCD_1inch28.o
 .text.LCD_1IN28_SendData_8Bit
                0x00000000080016f4       0x44 ./Src/LCD_1inch28.o
 .text.LCD_1IN28_SendData_16Bit
                0x0000000008001738       0x54 ./Src/LCD_1inch28.o
 .text.LCD_1IN28_InitReg
                0x000000000800178c      0x464 ./Src/LCD_1inch28.o
 .text.LCD_1IN28_SetAttributes
                0x0000000008001bf0       0x58 ./Src/LCD_1inch28.o
 .text.LCD_1IN28_Init
                0x0000000008001c48       0x22 ./Src/LCD_1inch28.o
                0x0000000008001c48                LCD_1IN28_Init
 .text.LCD_1IN28_SetWindows
                0x0000000008001c6a       0x78 ./Src/LCD_1inch28.o
                0x0000000008001c6a                LCD_1IN28_SetWindows
 *fill*         0x0000000008001ce2        0x2 
 .text.LCD_1IN28_Clear
                0x0000000008001ce4       0x6c ./Src/LCD_1inch28.o
                0x0000000008001ce4                LCD_1IN28_Clear
 .text.LCD_1IN28_DrawPaint
                0x0000000008001d50       0x2e ./Src/LCD_1inch28.o
                0x0000000008001d50                LCD_1IN28_DrawPaint
 *fill*         0x0000000008001d7e        0x2 
 .text.LCD_1IN28_SetBackLight
                0x0000000008001d80       0x20 ./Src/LCD_1inch28.o
                0x0000000008001d80                LCD_1IN28_SetBackLight
 .text.gc9a01_display_init
                0x0000000008001da0       0x10 ./Src/display_driver.o
                0x0000000008001da0                gc9a01_display_init
 .text.gc9a01_ctrl_gpio_init
                0x0000000008001db0       0x7c ./Src/display_driver.o
                0x0000000008001db0                gc9a01_ctrl_gpio_init
 .text.gc9a01_spi_init
                0x0000000008001e2c       0x58 ./Src/display_driver.o
                0x0000000008001e2c                gc9a01_spi_init
 .text.fpu_enable
                0x0000000008001e84       0x54 ./Src/fpu.o
                0x0000000008001e84                fpu_enable
 .text.i2c1_init
                0x0000000008001ed8      0x140 ./Src/i2c.o
                0x0000000008001ed8                i2c1_init
 .text.i2c_request_mem_write
                0x0000000008002018       0xa8 ./Src/i2c.o
 .text.i2c_request_mem_read
                0x00000000080020c0       0xf8 ./Src/i2c.o
 .text.i2c_mem_write
                0x00000000080021b8       0xcc ./Src/i2c.o
                0x00000000080021b8                i2c_mem_write
 .text.i2c_mem_read
                0x0000000008002284      0x234 ./Src/i2c.o
                0x0000000008002284                i2c_mem_read
 .text.main     0x00000000080024b8       0x32 ./Src/main.o
                0x00000000080024b8                main
 .text.max30102_write_reg
                0x00000000080024ea       0x2a ./Src/max30102.o
                0x00000000080024ea                max30102_write_reg
 .text.max30102_read_reg
                0x0000000008002514       0x26 ./Src/max30102.o
                0x0000000008002514                max30102_read_reg
 .text.max30102_params_init
                0x000000000800253a       0x60 ./Src/max30102.o
                0x000000000800253a                max30102_params_init
 .text.max30102_read_fifo
                0x000000000800259a       0xd8 ./Src/max30102.o
                0x000000000800259a                max30102_read_fifo
 .text.max30102_reset
                0x0000000008002672       0x10 ./Src/max30102.o
                0x0000000008002672                max30102_reset
 .text.max30102_init
                0x0000000008002682       0x20 ./Src/max30102_lib.o
                0x0000000008002682                max30102_init
 *fill*         0x00000000080026a2        0x2 
 .text.max30102_process
                0x00000000080026a4       0xe4 ./Src/max30102_lib.o
                0x00000000080026a4                max30102_process
 .text.pa10_gpio_init
                0x0000000008002788       0x3c ./Src/max30102_lib.o
                0x0000000008002788                pa10_gpio_init
 .text.get_pa10_state
                0x00000000080027c4       0x24 ./Src/max30102_lib.o
                0x00000000080027c4                get_pa10_state
 .text.gc9a01_start
                0x00000000080027e8      0x15c ./Src/pulse_ox_display.o
                0x00000000080027e8                gc9a01_start
 .text.update_pulse_ox_heart_rate
                0x0000000008002944       0x40 ./Src/pulse_ox_display.o
                0x0000000008002944                update_pulse_ox_heart_rate
 .text.update_pulse_ox_spo2
                0x0000000008002984       0x40 ./Src/pulse_ox_display.o
                0x0000000008002984                update_pulse_ox_spo2
 .text.show_time
                0x00000000080029c4       0x70 ./Src/pulse_ox_display.o
                0x00000000080029c4                show_time
 *fill*         0x0000000008002a34        0x4 
 .text.compute_HR_SPO2
                0x0000000008002a38      0x568 ./Src/pulse_oximetry_lib.o
                0x0000000008002a38                compute_HR_SPO2
 .text.calculate_autocorrelation
                0x0000000008002fa0       0x98 ./Src/pulse_oximetry_lib.o
                0x0000000008002fa0                calculate_autocorrelation
 .text.get_correlation_prod
                0x0000000008003038       0x88 ./Src/pulse_oximetry_lib.o
                0x0000000008003038                get_correlation_prod
 .text.calculate_linear_regression_beta
                0x00000000080030c0       0x88 ./Src/pulse_oximetry_lib.o
                0x00000000080030c0                calculate_linear_regression_beta
 .text.get_rms  0x0000000008003148       0xa0 ./Src/pulse_oximetry_lib.o
                0x0000000008003148                get_rms
 .text.periodicity_search_init
                0x00000000080031e8       0xea ./Src/pulse_oximetry_lib.o
                0x00000000080031e8                periodicity_search_init
 .text.sig_periodicity
                0x00000000080032d2      0x13e ./Src/pulse_oximetry_lib.o
                0x00000000080032d2                sig_periodicity
 .text.rtc_init
                0x0000000008003410       0xd0 ./Src/rtc.o
                0x0000000008003410                rtc_init
 .text.rtc_convert_bcd2bin
                0x00000000080034e0       0x32 ./Src/rtc.o
                0x00000000080034e0                rtc_convert_bcd2bin
 *fill*         0x0000000008003512        0x2 
 .text.rtc_time_get_second
                0x0000000008003514       0x1c ./Src/rtc.o
                0x0000000008003514                rtc_time_get_second
 .text.rtc_time_get_minute
                0x0000000008003530       0x1c ./Src/rtc.o
                0x0000000008003530                rtc_time_get_minute
 .text.rtc_time_get_hour
                0x000000000800354c       0x1c ./Src/rtc.o
                0x000000000800354c                rtc_time_get_hour
 .text.rtc_set_asynch_prescaler
                0x0000000008003568       0x2c ./Src/rtc.o
 .text.rtc_set_synch_prescaler
                0x0000000008003594       0x2c ./Src/rtc.o
 .text.rtc_date_config
                0x00000000080035c0       0x4c ./Src/rtc.o
 .text.rtc_time_config
                0x000000000800360c       0x4c ./Src/rtc.o
 .text._rtc_enable_init_mode
                0x0000000008003658       0x1c ./Src/rtc.o
                0x0000000008003658                _rtc_enable_init_mode
 .text._rtc_disable_init_mode
                0x0000000008003674       0x18 ./Src/rtc.o
                0x0000000008003674                _rtc_disable_init_mode
 .text._rtc_isActiveflag_init
                0x000000000800368c       0x24 ./Src/rtc.o
                0x000000000800368c                _rtc_isActiveflag_init
 .text._rtc_isActiveflag_rs
                0x00000000080036b0       0x24 ./Src/rtc.o
                0x00000000080036b0                _rtc_isActiveflag_rs
 .text.rtc_init_seq
                0x00000000080036d4       0x1a ./Src/rtc.o
 *fill*         0x00000000080036ee        0x2 
 .text.wait_for_synchro
                0x00000000080036f0       0x28 ./Src/rtc.o
 .text.exit_init_seq
                0x0000000008003718       0x12 ./Src/rtc.o
 *fill*         0x000000000800372a        0x2 
 .text.spi1_gpio_init
                0x000000000800372c      0x150 ./Src/spi.o
                0x000000000800372c                spi1_gpio_init
 .text.spi_init
                0x000000000800387c       0xd0 ./Src/spi.o
                0x000000000800387c                spi_init
 .text.spi_transmit
                0x000000000800394c      0x23c ./Src/spi.o
                0x000000000800394c                spi_transmit
 .text._read    0x0000000008003b88       0x3a ./Src/syscalls.o
                0x0000000008003b88                _read
 .text._write   0x0000000008003bc2       0x38 ./Src/syscalls.o
                0x0000000008003bc2                _write
 .text._close   0x0000000008003bfa       0x18 ./Src/syscalls.o
                0x0000000008003bfa                _close
 .text._fstat   0x0000000008003c12       0x20 ./Src/syscalls.o
                0x0000000008003c12                _fstat
 .text._isatty  0x0000000008003c32       0x16 ./Src/syscalls.o
                0x0000000008003c32                _isatty
 .text._lseek   0x0000000008003c48       0x1a ./Src/syscalls.o
                0x0000000008003c48                _lseek
 *fill*         0x0000000008003c62        0x2 
 .text._sbrk    0x0000000008003c64       0x6c ./Src/sysmem.o
                0x0000000008003c64                _sbrk
 .text.delay    0x0000000008003cd0       0x3c ./Src/timebase.o
                0x0000000008003cd0                delay
 .text.get_tick
                0x0000000008003d0c       0x2c ./Src/timebase.o
                0x0000000008003d0c                get_tick
 .text.tick_increment
                0x0000000008003d38       0x1c ./Src/timebase.o
 .text.timebase_init
                0x0000000008003d54       0x48 ./Src/timebase.o
                0x0000000008003d54                timebase_init
 .text.SysTick_Handler
                0x0000000008003d9c        0xc ./Src/timebase.o
                0x0000000008003d9c                SysTick_Handler
 .text.__io_putchar
                0x0000000008003da8       0x18 ./Src/uart.o
                0x0000000008003da8                __io_putchar
 .text.debug_uart_init
                0x0000000008003dc0       0x94 ./Src/uart.o
                0x0000000008003dc0                debug_uart_init
 .text.uart_write
                0x0000000008003e54       0x30 ./Src/uart.o
 .text.compute_uart_bd
                0x0000000008003e84       0x26 ./Src/uart.o
 *fill*         0x0000000008003eaa        0x2 
 .text.uart_set_baudrate
                0x0000000008003eac       0x28 ./Src/uart.o
 .text.Reset_Handler
                0x0000000008003ed4       0x50 ./Startup/startup_stm32f411retx.o
                0x0000000008003ed4                Reset_Handler
 .text.Default_Handler
                0x0000000008003f24        0x2 ./Startup/startup_stm32f411retx.o
                0x0000000008003f24                RTC_Alarm_IRQHandler
                0x0000000008003f24                EXTI2_IRQHandler
                0x0000000008003f24                DebugMon_Handler
                0x0000000008003f24                SPI4_IRQHandler
                0x0000000008003f24                TIM1_CC_IRQHandler
                0x0000000008003f24                DMA2_Stream5_IRQHandler
                0x0000000008003f24                HardFault_Handler
                0x0000000008003f24                DMA1_Stream5_IRQHandler
                0x0000000008003f24                PVD_IRQHandler
                0x0000000008003f24                SDIO_IRQHandler
                0x0000000008003f24                TAMP_STAMP_IRQHandler
                0x0000000008003f24                PendSV_Handler
                0x0000000008003f24                NMI_Handler
                0x0000000008003f24                EXTI3_IRQHandler
                0x0000000008003f24                TIM1_UP_TIM10_IRQHandler
                0x0000000008003f24                I2C3_ER_IRQHandler
                0x0000000008003f24                EXTI0_IRQHandler
                0x0000000008003f24                I2C2_EV_IRQHandler
                0x0000000008003f24                DMA1_Stream2_IRQHandler
                0x0000000008003f24                UsageFault_Handler
                0x0000000008003f24                DMA2_Stream2_IRQHandler
                0x0000000008003f24                SPI1_IRQHandler
                0x0000000008003f24                TIM1_BRK_TIM9_IRQHandler
                0x0000000008003f24                DMA2_Stream3_IRQHandler
                0x0000000008003f24                USART6_IRQHandler
                0x0000000008003f24                DMA2_Stream0_IRQHandler
                0x0000000008003f24                TIM4_IRQHandler
                0x0000000008003f24                I2C1_EV_IRQHandler
                0x0000000008003f24                DMA1_Stream6_IRQHandler
                0x0000000008003f24                DMA1_Stream1_IRQHandler
                0x0000000008003f24                TIM3_IRQHandler
                0x0000000008003f24                RCC_IRQHandler
                0x0000000008003f24                Default_Handler
                0x0000000008003f24                EXTI15_10_IRQHandler
                0x0000000008003f24                ADC_IRQHandler
                0x0000000008003f24                DMA1_Stream7_IRQHandler
                0x0000000008003f24                SPI5_IRQHandler
                0x0000000008003f24                TIM5_IRQHandler
                0x0000000008003f24                DMA2_Stream7_IRQHandler
                0x0000000008003f24                I2C3_EV_IRQHandler
                0x0000000008003f24                EXTI9_5_IRQHandler
                0x0000000008003f24                RTC_WKUP_IRQHandler
                0x0000000008003f24                SPI2_IRQHandler
                0x0000000008003f24                MemManage_Handler
                0x0000000008003f24                DMA1_Stream0_IRQHandler
                0x0000000008003f24                SVC_Handler
                0x0000000008003f24                EXTI4_IRQHandler
                0x0000000008003f24                WWDG_IRQHandler
                0x0000000008003f24                TIM2_IRQHandler
                0x0000000008003f24                OTG_FS_WKUP_IRQHandler
                0x0000000008003f24                TIM1_TRG_COM_TIM11_IRQHandler
                0x0000000008003f24                EXTI1_IRQHandler
                0x0000000008003f24                USART2_IRQHandler
                0x0000000008003f24                I2C2_ER_IRQHandler
                0x0000000008003f24                DMA2_Stream1_IRQHandler
                0x0000000008003f24                FLASH_IRQHandler
                0x0000000008003f24                DMA2_Stream4_IRQHandler
                0x0000000008003f24                BusFault_Handler
                0x0000000008003f24                USART1_IRQHandler
                0x0000000008003f24                OTG_FS_IRQHandler
                0x0000000008003f24                SPI3_IRQHandler
                0x0000000008003f24                DMA1_Stream4_IRQHandler
                0x0000000008003f24                I2C1_ER_IRQHandler
                0x0000000008003f24                DMA2_Stream6_IRQHandler
                0x0000000008003f24                DMA1_Stream3_IRQHandler
 *fill*         0x0000000008003f26        0x2 
 .text.sbrk_aligned
                0x0000000008003f28       0x40 C:/ST/STM32CubeIDE_1.13.1/STM32CubeIDE/plugins/com.st.stm32cube.ide.mcu.externaltools.gnu-tools-for-stm32.11.3.rel1.win32_1.1.0.202305231506/tools/bin/../lib/gcc/arm-none-eabi/11.3.1/../../../../arm-none-eabi/lib/thumb/v7e-m+fp/hard\libc_nano.a(libc_a-mallocr.o)
 .text._malloc_r
                0x0000000008003f68      0x100 C:/ST/STM32CubeIDE_1.13.1/STM32CubeIDE/plugins/com.st.stm32cube.ide.mcu.externaltools.gnu-tools-for-stm32.11.3.rel1.win32_1.1.0.202305231506/tools/bin/../lib/gcc/arm-none-eabi/11.3.1/../../../../arm-none-eabi/lib/thumb/v7e-m+fp/hard\libc_nano.a(libc_a-mallocr.o)
                0x0000000008003f68                _malloc_r
 .text.__malloc_lock
                0x0000000008004068        0xc C:/ST/STM32CubeIDE_1.13.1/STM32CubeIDE/plugins/com.st.stm32cube.ide.mcu.externaltools.gnu-tools-for-stm32.11.3.rel1.win32_1.1.0.202305231506/tools/bin/../lib/gcc/arm-none-eabi/11.3.1/../../../../arm-none-eabi/lib/thumb/v7e-m+fp/hard\libc_nano.a(libc_a-mlock.o)
                0x0000000008004068                __malloc_lock
 .text.__malloc_unlock
                0x0000000008004074        0xc C:/ST/STM32CubeIDE_1.13.1/STM32CubeIDE/plugins/com.st.stm32cube.ide.mcu.externaltools.gnu-tools-for-stm32.11.3.rel1.win32_1.1.0.202305231506/tools/bin/../lib/gcc/arm-none-eabi/11.3.1/../../../../arm-none-eabi/lib/thumb/v7e-m+fp/hard\libc_nano.a(libc_a-mlock.o)
                0x0000000008004074                __malloc_unlock
 .text.std      0x0000000008004080       0x48 C:/ST/STM32CubeIDE_1.13.1/STM32CubeIDE/plugins/com.st.stm32cube.ide.mcu.externaltools.gnu-tools-for-stm32.11.3.rel1.win32_1.1.0.202305231506/tools/bin/../lib/gcc/arm-none-eabi/11.3.1/../../../../arm-none-eabi/lib/thumb/v7e-m+fp/hard\libc_nano.a(libc_a-findfp.o)
 .text.stdio_exit_handler
                0x00000000080040c8       0x18 C:/ST/STM32CubeIDE_1.13.1/STM32CubeIDE/plugins/com.st.stm32cube.ide.mcu.externaltools.gnu-tools-for-stm32.11.3.rel1.win32_1.1.0.202305231506/tools/bin/../lib/gcc/arm-none-eabi/11.3.1/../../../../arm-none-eabi/lib/thumb/v7e-m+fp/hard\libc_nano.a(libc_a-findfp.o)
 .text.cleanup_stdio
                0x00000000080040e0       0x40 C:/ST/STM32CubeIDE_1.13.1/STM32CubeIDE/plugins/com.st.stm32cube.ide.mcu.externaltools.gnu-tools-for-stm32.11.3.rel1.win32_1.1.0.202305231506/tools/bin/../lib/gcc/arm-none-eabi/11.3.1/../../../../arm-none-eabi/lib/thumb/v7e-m+fp/hard\libc_nano.a(libc_a-findfp.o)
 .text.global_stdio_init.part.0
                0x0000000008004120       0x3c C:/ST/STM32CubeIDE_1.13.1/STM32CubeIDE/plugins/com.st.stm32cube.ide.mcu.externaltools.gnu-tools-for-stm32.11.3.rel1.win32_1.1.0.202305231506/tools/bin/../lib/gcc/arm-none-eabi/11.3.1/../../../../arm-none-eabi/lib/thumb/v7e-m+fp/hard\libc_nano.a(libc_a-findfp.o)
 .text.__sfp_lock_acquire
                0x000000000800415c        0xc C:/ST/STM32CubeIDE_1.13.1/STM32CubeIDE/plugins/com.st.stm32cube.ide.mcu.externaltools.gnu-tools-for-stm32.11.3.rel1.win32_1.1.0.202305231506/tools/bin/../lib/gcc/arm-none-eabi/11.3.1/../../../../arm-none-eabi/lib/thumb/v7e-m+fp/hard\libc_nano.a(libc_a-findfp.o)
                0x000000000800415c                __sfp_lock_acquire
 .text.__sfp_lock_release
                0x0000000008004168        0xc C:/ST/STM32CubeIDE_1.13.1/STM32CubeIDE/plugins/com.st.stm32cube.ide.mcu.externaltools.gnu-tools-for-stm32.11.3.rel1.win32_1.1.0.202305231506/tools/bin/../lib/gcc/arm-none-eabi/11.3.1/../../../../arm-none-eabi/lib/thumb/v7e-m+fp/hard\libc_nano.a(libc_a-findfp.o)
                0x0000000008004168                __sfp_lock_release
 .text.__sinit  0x0000000008004174       0x30 C:/ST/STM32CubeIDE_1.13.1/STM32CubeIDE/plugins/com.st.stm32cube.ide.mcu.externaltools.gnu-tools-for-stm32.11.3.rel1.win32_1.1.0.202305231506/tools/bin/../lib/gcc/arm-none-eabi/11.3.1/../../../../arm-none-eabi/lib/thumb/v7e-m+fp/hard\libc_nano.a(libc_a-findfp.o)
                0x0000000008004174                __sinit
 .text._fwalk_sglue
                0x00000000080041a4       0x3c C:/ST/STM32CubeIDE_1.13.1/STM32CubeIDE/plugins/com.st.stm32cube.ide.mcu.externaltools.gnu-tools-for-stm32.11.3.rel1.win32_1.1.0.202305231506/tools/bin/../lib/gcc/arm-none-eabi/11.3.1/../../../../arm-none-eabi/lib/thumb/v7e-m+fp/hard\libc_nano.a(libc_a-fwalk.o)
                0x00000000080041a4                _fwalk_sglue
 .text.printf   0x00000000080041e0       0x24 C:/ST/STM32CubeIDE_1.13.1/STM32CubeIDE/plugins/com.st.stm32cube.ide.mcu.externaltools.gnu-tools-for-stm32.11.3.rel1.win32_1.1.0.202305231506/tools/bin/../lib/gcc/arm-none-eabi/11.3.1/../../../../arm-none-eabi/lib/thumb/v7e-m+fp/hard\libc_nano.a(libc_a-printf.o)
                0x00000000080041e0                iprintf
                0x00000000080041e0                printf
 .text._puts_r  0x0000000008004204       0xa8 C:/ST/STM32CubeIDE_1.13.1/STM32CubeIDE/plugins/com.st.stm32cube.ide.mcu.externaltools.gnu-tools-for-stm32.11.3.rel1.win32_1.1.0.202305231506/tools/bin/../lib/gcc/arm-none-eabi/11.3.1/../../../../arm-none-eabi/lib/thumb/v7e-m+fp/hard\libc_nano.a(libc_a-puts.o)
                0x0000000008004204                _puts_r
 .text.puts     0x00000000080042ac       0x10 C:/ST/STM32CubeIDE_1.13.1/STM32CubeIDE/plugins/com.st.stm32cube.ide.mcu.externaltools.gnu-tools-for-stm32.11.3.rel1.win32_1.1.0.202305231506/tools/bin/../lib/gcc/arm-none-eabi/11.3.1/../../../../arm-none-eabi/lib/thumb/v7e-m+fp/hard\libc_nano.a(libc_a-puts.o)
                0x00000000080042ac                puts
 .text.snprintf
                0x00000000080042bc       0x68 C:/ST/STM32CubeIDE_1.13.1/STM32CubeIDE/plugins/com.st.stm32cube.ide.mcu.externaltools.gnu-tools-for-stm32.11.3.rel1.win32_1.1.0.202305231506/tools/bin/../lib/gcc/arm-none-eabi/11.3.1/../../../../arm-none-eabi/lib/thumb/v7e-m+fp/hard\libc_nano.a(libc_a-snprintf.o)
                0x00000000080042bc                sniprintf
                0x00000000080042bc                snprintf
 .text.sprintf  0x0000000008004324       0x40 C:/ST/STM32CubeIDE_1.13.1/STM32CubeIDE/plugins/com.st.stm32cube.ide.mcu.externaltools.gnu-tools-for-stm32.11.3.rel1.win32_1.1.0.202305231506/tools/bin/../lib/gcc/arm-none-eabi/11.3.1/../../../../arm-none-eabi/lib/thumb/v7e-m+fp/hard\libc_nano.a(libc_a-sprintf.o)
                0x0000000008004324                siprintf
                0x0000000008004324                sprintf
 .text.__sread  0x0000000008004364       0x22 C:/ST/STM32CubeIDE_1.13.1/STM32CubeIDE/plugins/com.st.stm32cube.ide.mcu.externaltools.gnu-tools-for-stm32.11.3.rel1.win32_1.1.0.202305231506/tools/bin/../lib/gcc/arm-none-eabi/11.3.1/../../../../arm-none-eabi/lib/thumb/v7e-m+fp/hard\libc_nano.a(libc_a-stdio.o)
                0x0000000008004364                __sread
 .text.__swrite
                0x0000000008004386       0x38 C:/ST/STM32CubeIDE_1.13.1/STM32CubeIDE/plugins/com.st.stm32cube.ide.mcu.externaltools.gnu-tools-for-stm32.11.3.rel1.win32_1.1.0.202305231506/tools/bin/../lib/gcc/arm-none-eabi/11.3.1/../../../../arm-none-eabi/lib/thumb/v7e-m+fp/hard\libc_nano.a(libc_a-stdio.o)
                0x0000000008004386                __swrite
 .text.__sseek  0x00000000080043be       0x24 C:/ST/STM32CubeIDE_1.13.1/STM32CubeIDE/plugins/com.st.stm32cube.ide.mcu.externaltools.gnu-tools-for-stm32.11.3.rel1.win32_1.1.0.202305231506/tools/bin/../lib/gcc/arm-none-eabi/11.3.1/../../../../arm-none-eabi/lib/thumb/v7e-m+fp/hard\libc_nano.a(libc_a-stdio.o)
                0x00000000080043be                __sseek
 .text.__sclose
                0x00000000080043e2        0x8 C:/ST/STM32CubeIDE_1.13.1/STM32CubeIDE/plugins/com.st.stm32cube.ide.mcu.externaltools.gnu-tools-for-stm32.11.3.rel1.win32_1.1.0.202305231506/tools/bin/../lib/gcc/arm-none-eabi/11.3.1/../../../../arm-none-eabi/lib/thumb/v7e-m+fp/hard\libc_nano.a(libc_a-stdio.o)
                0x00000000080043e2                __sclose
 .text.__swbuf_r
                0x00000000080043ea       0x7a C:/ST/STM32CubeIDE_1.13.1/STM32CubeIDE/plugins/com.st.stm32cube.ide.mcu.externaltools.gnu-tools-for-stm32.11.3.rel1.win32_1.1.0.202305231506/tools/bin/../lib/gcc/arm-none-eabi/11.3.1/../../../../arm-none-eabi/lib/thumb/v7e-m+fp/hard\libc_nano.a(libc_a-wbuf.o)
                0x00000000080043ea                __swbuf_r
 .text.__swsetup_r
                0x0000000008004464       0xb0 C:/ST/STM32CubeIDE_1.13.1/STM32CubeIDE/plugins/com.st.stm32cube.ide.mcu.externaltools.gnu-tools-for-stm32.11.3.rel1.win32_1.1.0.202305231506/tools/bin/../lib/gcc/arm-none-eabi/11.3.1/../../../../arm-none-eabi/lib/thumb/v7e-m+fp/hard\libc_nano.a(libc_a-wsetup.o)
                0x0000000008004464                __swsetup_r
 .text.memset   0x0000000008004514       0x10 C:/ST/STM32CubeIDE_1.13.1/STM32CubeIDE/plugins/com.st.stm32cube.ide.mcu.externaltools.gnu-tools-for-stm32.11.3.rel1.win32_1.1.0.202305231506/tools/bin/../lib/gcc/arm-none-eabi/11.3.1/../../../../arm-none-eabi/lib/thumb/v7e-m+fp/hard\libc_nano.a(libc_a-memset.o)
                0x0000000008004514                memset
 .text._close_r
                0x0000000008004524       0x20 C:/ST/STM32CubeIDE_1.13.1/STM32CubeIDE/plugins/com.st.stm32cube.ide.mcu.externaltools.gnu-tools-for-stm32.11.3.rel1.win32_1.1.0.202305231506/tools/bin/../lib/gcc/arm-none-eabi/11.3.1/../../../../arm-none-eabi/lib/thumb/v7e-m+fp/hard\libc_nano.a(libc_a-closer.o)
                0x0000000008004524                _close_r
 .text._lseek_r
                0x0000000008004544       0x24 C:/ST/STM32CubeIDE_1.13.1/STM32CubeIDE/plugins/com.st.stm32cube.ide.mcu.externaltools.gnu-tools-for-stm32.11.3.rel1.win32_1.1.0.202305231506/tools/bin/../lib/gcc/arm-none-eabi/11.3.1/../../../../arm-none-eabi/lib/thumb/v7e-m+fp/hard\libc_nano.a(libc_a-lseekr.o)
                0x0000000008004544                _lseek_r
 .text._read_r  0x0000000008004568       0x24 C:/ST/STM32CubeIDE_1.13.1/STM32CubeIDE/plugins/com.st.stm32cube.ide.mcu.externaltools.gnu-tools-for-stm32.11.3.rel1.win32_1.1.0.202305231506/tools/bin/../lib/gcc/arm-none-eabi/11.3.1/../../../../arm-none-eabi/lib/thumb/v7e-m+fp/hard\libc_nano.a(libc_a-readr.o)
                0x0000000008004568                _read_r
 .text._sbrk_r  0x000000000800458c       0x20 C:/ST/STM32CubeIDE_1.13.1/STM32CubeIDE/plugins/com.st.stm32cube.ide.mcu.externaltools.gnu-tools-for-stm32.11.3.rel1.win32_1.1.0.202305231506/tools/bin/../lib/gcc/arm-none-eabi/11.3.1/../../../../arm-none-eabi/lib/thumb/v7e-m+fp/hard\libc_nano.a(libc_a-sbrkr.o)
                0x000000000800458c                _sbrk_r
 .text._write_r
                0x00000000080045ac       0x24 C:/ST/STM32CubeIDE_1.13.1/STM32CubeIDE/plugins/com.st.stm32cube.ide.mcu.externaltools.gnu-tools-for-stm32.11.3.rel1.win32_1.1.0.202305231506/tools/bin/../lib/gcc/arm-none-eabi/11.3.1/../../../../arm-none-eabi/lib/thumb/v7e-m+fp/hard\libc_nano.a(libc_a-writer.o)
                0x00000000080045ac                _write_r
 .text.__errno  0x00000000080045d0        0xc C:/ST/STM32CubeIDE_1.13.1/STM32CubeIDE/plugins/com.st.stm32cube.ide.mcu.externaltools.gnu-tools-for-stm32.11.3.rel1.win32_1.1.0.202305231506/tools/bin/../lib/gcc/arm-none-eabi/11.3.1/../../../../arm-none-eabi/lib/thumb/v7e-m+fp/hard\libc_nano.a(libc_a-errno.o)
                0x00000000080045d0                __errno
 .text.__libc_init_array
                0x00000000080045dc       0x48 C:/ST/STM32CubeIDE_1.13.1/STM32CubeIDE/plugins/com.st.stm32cube.ide.mcu.externaltools.gnu-tools-for-stm32.11.3.rel1.win32_1.1.0.202305231506/tools/bin/../lib/gcc/arm-none-eabi/11.3.1/../../../../arm-none-eabi/lib/thumb/v7e-m+fp/hard\libc_nano.a(libc_a-init.o)
                0x00000000080045dc                __libc_init_array
 .text.__retarget_lock_acquire_recursive
                0x0000000008004624        0x2 C:/ST/STM32CubeIDE_1.13.1/STM32CubeIDE/plugins/com.st.stm32cube.ide.mcu.externaltools.gnu-tools-for-stm32.11.3.rel1.win32_1.1.0.202305231506/tools/bin/../lib/gcc/arm-none-eabi/11.3.1/../../../../arm-none-eabi/lib/thumb/v7e-m+fp/hard\libc_nano.a(libc_a-lock.o)
                0x0000000008004624                __retarget_lock_acquire_recursive
 .text.__retarget_lock_release_recursive
                0x0000000008004626        0x2 C:/ST/STM32CubeIDE_1.13.1/STM32CubeIDE/plugins/com.st.stm32cube.ide.mcu.externaltools.gnu-tools-for-stm32.11.3.rel1.win32_1.1.0.202305231506/tools/bin/../lib/gcc/arm-none-eabi/11.3.1/../../../../arm-none-eabi/lib/thumb/v7e-m+fp/hard\libc_nano.a(libc_a-lock.o)
                0x0000000008004626                __retarget_lock_release_recursive
 .text.memcpy   0x0000000008004628       0x1c C:/ST/STM32CubeIDE_1.13.1/STM32CubeIDE/plugins/com.st.stm32cube.ide.mcu.externaltools.gnu-tools-for-stm32.11.3.rel1.win32_1.1.0.202305231506/tools/bin/../lib/gcc/arm-none-eabi/11.3.1/../../../../arm-none-eabi/lib/thumb/v7e-m+fp/hard\libc_nano.a(libc_a-memcpy-stub.o)
                0x0000000008004628                memcpy
 .text._free_r  0x0000000008004644       0x98 C:/ST/STM32CubeIDE_1.13.1/STM32CubeIDE/plugins/com.st.stm32cube.ide.mcu.externaltools.gnu-tools-for-stm32.11.3.rel1.win32_1.1.0.202305231506/tools/bin/../lib/gcc/arm-none-eabi/11.3.1/../../../../arm-none-eabi/lib/thumb/v7e-m+fp/hard\libc_nano.a(libc_a-freer.o)
                0x0000000008004644                _free_r
 .text.__ssputs_r
                0x00000000080046dc       0xb4 C:/ST/STM32CubeIDE_1.13.1/STM32CubeIDE/plugins/com.st.stm32cube.ide.mcu.externaltools.gnu-tools-for-stm32.11.3.rel1.win32_1.1.0.202305231506/tools/bin/../lib/gcc/arm-none-eabi/11.3.1/../../../../arm-none-eabi/lib/thumb/v7e-m+fp/hard\libc_nano.a(libc_a-nano-svfprintf.o)
                0x00000000080046dc                __ssputs_r
 .text._svfprintf_r
                0x0000000008004790      0x1fc C:/ST/STM32CubeIDE_1.13.1/STM32CubeIDE/plugins/com.st.stm32cube.ide.mcu.externaltools.gnu-tools-for-stm32.11.3.rel1.win32_1.1.0.202305231506/tools/bin/../lib/gcc/arm-none-eabi/11.3.1/../../../../arm-none-eabi/lib/thumb/v7e-m+fp/hard\libc_nano.a(libc_a-nano-svfprintf.o)
                0x0000000008004790                _svfiprintf_r
                0x0000000008004790                _svfprintf_r
 .text.__sfputc_r
                0x000000000800498c       0x2e C:/ST/STM32CubeIDE_1.13.1/STM32CubeIDE/plugins/com.st.stm32cube.ide.mcu.externaltools.gnu-tools-for-stm32.11.3.rel1.win32_1.1.0.202305231506/tools/bin/../lib/gcc/arm-none-eabi/11.3.1/../../../../arm-none-eabi/lib/thumb/v7e-m+fp/hard\libc_nano.a(libc_a-nano-vfprintf.o)
 .text.__sfputs_r
                0x00000000080049ba       0x24 C:/ST/STM32CubeIDE_1.13.1/STM32CubeIDE/plugins/com.st.stm32cube.ide.mcu.externaltools.gnu-tools-for-stm32.11.3.rel1.win32_1.1.0.202305231506/tools/bin/../lib/gcc/arm-none-eabi/11.3.1/../../../../arm-none-eabi/lib/thumb/v7e-m+fp/hard\libc_nano.a(libc_a-nano-vfprintf.o)
                0x00000000080049ba                __sfputs_r
 *fill*         0x00000000080049de        0x2 
 .text._vfprintf_r
                0x00000000080049e0      0x234 C:/ST/STM32CubeIDE_1.13.1/STM32CubeIDE/plugins/com.st.stm32cube.ide.mcu.externaltools.gnu-tools-for-stm32.11.3.rel1.win32_1.1.0.202305231506/tools/bin/../lib/gcc/arm-none-eabi/11.3.1/../../../../arm-none-eabi/lib/thumb/v7e-m+fp/hard\libc_nano.a(libc_a-nano-vfprintf.o)
                0x00000000080049e0                _vfprintf_r
                0x00000000080049e0                _vfiprintf_r
 .text._printf_common
                0x0000000008004c14       0xda C:/ST/STM32CubeIDE_1.13.1/STM32CubeIDE/plugins/com.st.stm32cube.ide.mcu.externaltools.gnu-tools-for-stm32.11.3.rel1.win32_1.1.0.202305231506/tools/bin/../lib/gcc/arm-none-eabi/11.3.1/../../../../arm-none-eabi/lib/thumb/v7e-m+fp/hard\libc_nano.a(libc_a-nano-vfprintf_i.o)
                0x0000000008004c14                _printf_common
 *fill*         0x0000000008004cee        0x2 
 .text._printf_i
                0x0000000008004cf0      0x244 C:/ST/STM32CubeIDE_1.13.1/STM32CubeIDE/plugins/com.st.stm32cube.ide.mcu.externaltools.gnu-tools-for-stm32.11.3.rel1.win32_1.1.0.202305231506/tools/bin/../lib/gcc/arm-none-eabi/11.3.1/../../../../arm-none-eabi/lib/thumb/v7e-m+fp/hard\libc_nano.a(libc_a-nano-vfprintf_i.o)
                0x0000000008004cf0                _printf_i
 .text.__sflush_r
                0x0000000008004f34      0x10c C:/ST/STM32CubeIDE_1.13.1/STM32CubeIDE/plugins/com.st.stm32cube.ide.mcu.externaltools.gnu-tools-for-stm32.11.3.rel1.win32_1.1.0.202305231506/tools/bin/../lib/gcc/arm-none-eabi/11.3.1/../../../../arm-none-eabi/lib/thumb/v7e-m+fp/hard\libc_nano.a(libc_a-fflush.o)
                0x0000000008004f34                __sflush_r
 .text._fflush_r
                0x0000000008005040       0x50 C:/ST/STM32CubeIDE_1.13.1/STM32CubeIDE/plugins/com.st.stm32cube.ide.mcu.externaltools.gnu-tools-for-stm32.11.3.rel1.win32_1.1.0.202305231506/tools/bin/../lib/gcc/arm-none-eabi/11.3.1/../../../../arm-none-eabi/lib/thumb/v7e-m+fp/hard\libc_nano.a(libc_a-fflush.o)
                0x0000000008005040                _fflush_r
 .text.__swhatbuf_r
                0x0000000008005090       0x4c C:/ST/STM32CubeIDE_1.13.1/STM32CubeIDE/plugins/com.st.stm32cube.ide.mcu.externaltools.gnu-tools-for-stm32.11.3.rel1.win32_1.1.0.202305231506/tools/bin/../lib/gcc/arm-none-eabi/11.3.1/../../../../arm-none-eabi/lib/thumb/v7e-m+fp/hard\libc_nano.a(libc_a-makebuf.o)
                0x0000000008005090                __swhatbuf_r
 .text.__smakebuf_r
                0x00000000080050dc       0x78 C:/ST/STM32CubeIDE_1.13.1/STM32CubeIDE/plugins/com.st.stm32cube.ide.mcu.externaltools.gnu-tools-for-stm32.11.3.rel1.win32_1.1.0.202305231506/tools/bin/../lib/gcc/arm-none-eabi/11.3.1/../../../../arm-none-eabi/lib/thumb/v7e-m+fp/hard\libc_nano.a(libc_a-makebuf.o)
                0x00000000080050dc                __smakebuf_r
 .text.memmove  0x0000000008005154       0x34 C:/ST/STM32CubeIDE_1.13.1/STM32CubeIDE/plugins/com.st.stm32cube.ide.mcu.externaltools.gnu-tools-for-stm32.11.3.rel1.win32_1.1.0.202305231506/tools/bin/../lib/gcc/arm-none-eabi/11.3.1/../../../../arm-none-eabi/lib/thumb/v7e-m+fp/hard\libc_nano.a(libc_a-memmove.o)
                0x0000000008005154                memmove
 .text._fstat_r
                0x0000000008005188       0x24 C:/ST/STM32CubeIDE_1.13.1/STM32CubeIDE/plugins/com.st.stm32cube.ide.mcu.externaltools.gnu-tools-for-stm32.11.3.rel1.win32_1.1.0.202305231506/tools/bin/../lib/gcc/arm-none-eabi/11.3.1/../../../../arm-none-eabi/lib/thumb/v7e-m+fp/hard\libc_nano.a(libc_a-fstatr.o)
                0x0000000008005188                _fstat_r
 .text._isatty_r
                0x00000000080051ac       0x20 C:/ST/STM32CubeIDE_1.13.1/STM32CubeIDE/plugins/com.st.stm32cube.ide.mcu.externaltools.gnu-tools-for-stm32.11.3.rel1.win32_1.1.0.202305231506/tools/bin/../lib/gcc/arm-none-eabi/11.3.1/../../../../arm-none-eabi/lib/thumb/v7e-m+fp/hard\libc_nano.a(libc_a-isattyr.o)
                0x00000000080051ac                _isatty_r
 .text._realloc_r
                0x00000000080051cc       0x5e C:/ST/STM32CubeIDE_1.13.1/STM32CubeIDE/plugins/com.st.stm32cube.ide.mcu.externaltools.gnu-tools-for-stm32.11.3.rel1.win32_1.1.0.202305231506/tools/bin/../lib/gcc/arm-none-eabi/11.3.1/../../../../arm-none-eabi/lib/thumb/v7e-m+fp/hard\libc_nano.a(libc_a-reallocr.o)
                0x00000000080051cc                _realloc_r
 .text._malloc_usable_size_r
                0x000000000800522a       0x10 C:/ST/STM32CubeIDE_1.13.1/STM32CubeIDE/plugins/com.st.stm32cube.ide.mcu.externaltools.gnu-tools-for-stm32.11.3.rel1.win32_1.1.0.202305231506/tools/bin/../lib/gcc/arm-none-eabi/11.3.1/../../../../arm-none-eabi/lib/thumb/v7e-m+fp/hard\libc_nano.a(libc_a-msizer.o)
                0x000000000800522a                _malloc_usable_size_r
 .text.sqrt     0x000000000800523a       0x58 C:/ST/STM32CubeIDE_1.13.1/STM32CubeIDE/plugins/com.st.stm32cube.ide.mcu.externaltools.gnu-tools-for-stm32.11.3.rel1.win32_1.1.0.202305231506/tools/bin/../lib/gcc/arm-none-eabi/11.3.1/../../../../arm-none-eabi/lib/thumb/v7e-m+fp/hard\libm.a(libm_a-w_sqrt.o)
                0x000000000800523a                sqrt
 *fill*         0x0000000008005292        0x2 
 .text.__ieee754_sqrt
                0x0000000008005294      0x1b4 C:/ST/STM32CubeIDE_1.13.1/STM32CubeIDE/plugins/com.st.stm32cube.ide.mcu.externaltools.gnu-tools-for-stm32.11.3.rel1.win32_1.1.0.202305231506/tools/bin/../lib/gcc/arm-none-eabi/11.3.1/../../../../arm-none-eabi/lib/thumb/v7e-m+fp/hard\libm.a(libm_a-e_sqrt.o)
                0x0000000008005294                __ieee754_sqrt
 *(.glue_7)
 .glue_7        0x0000000008005448        0x0 linker stubs
 *(.glue_7t)
 .glue_7t       0x0000000008005448        0x0 linker stubs
 *(.eh_frame)
 .eh_frame      0x0000000008005448        0x0 C:/ST/STM32CubeIDE_1.13.1/STM32CubeIDE/plugins/com.st.stm32cube.ide.mcu.externaltools.gnu-tools-for-stm32.11.3.rel1.win32_1.1.0.202305231506/tools/bin/../lib/gcc/arm-none-eabi/11.3.1/thumb/v7e-m+fp/hard/crtbegin.o
 *(.init)
 .init          0x0000000008005448        0x4 C:/ST/STM32CubeIDE_1.13.1/STM32CubeIDE/plugins/com.st.stm32cube.ide.mcu.externaltools.gnu-tools-for-stm32.11.3.rel1.win32_1.1.0.202305231506/tools/bin/../lib/gcc/arm-none-eabi/11.3.1/thumb/v7e-m+fp/hard/crti.o
                0x0000000008005448                _init
 .init          0x000000000800544c        0x8 C:/ST/STM32CubeIDE_1.13.1/STM32CubeIDE/plugins/com.st.stm32cube.ide.mcu.externaltools.gnu-tools-for-stm32.11.3.rel1.win32_1.1.0.202305231506/tools/bin/../lib/gcc/arm-none-eabi/11.3.1/thumb/v7e-m+fp/hard/crtn.o
 *(.fini)
 .fini          0x0000000008005454        0x4 C:/ST/STM32CubeIDE_1.13.1/STM32CubeIDE/plugins/com.st.stm32cube.ide.mcu.externaltools.gnu-tools-for-stm32.11.3.rel1.win32_1.1.0.202305231506/tools/bin/../lib/gcc/arm-none-eabi/11.3.1/thumb/v7e-m+fp/hard/crti.o
                0x0000000008005454                _fini
 .fini          0x0000000008005458        0x8 C:/ST/STM32CubeIDE_1.13.1/STM32CubeIDE/plugins/com.st.stm32cube.ide.mcu.externaltools.gnu-tools-for-stm32.11.3.rel1.win32_1.1.0.202305231506/tools/bin/../lib/gcc/arm-none-eabi/11.3.1/thumb/v7e-m+fp/hard/crtn.o
                0x0000000008005460                . = ALIGN (0x4)
                0x0000000008005460                _etext = .

.vfp11_veneer   0x0000000008005460        0x0
 .vfp11_veneer  0x0000000008005460        0x0 linker stubs

.v4_bx          0x0000000008005460        0x0
 .v4_bx         0x0000000008005460        0x0 linker stubs

.iplt           0x0000000008005460        0x0
 .iplt          0x0000000008005460        0x0 C:/ST/STM32CubeIDE_1.13.1/STM32CubeIDE/plugins/com.st.stm32cube.ide.mcu.externaltools.gnu-tools-for-stm32.11.3.rel1.win32_1.1.0.202305231506/tools/bin/../lib/gcc/arm-none-eabi/11.3.1/thumb/v7e-m+fp/hard/crtbegin.o

.rodata         0x0000000008005460     0x2a10
                0x0000000008005460                . = ALIGN (0x4)
 *(.rodata)
 .rodata        0x0000000008005460      0x2f2 ./Src/GUI_Paint.o
 *fill*         0x0000000008005752        0x2 
 .rodata        0x0000000008005754       0x41 ./Src/pulse_ox_display.o
 *fill*         0x0000000008005795        0x3 
 .rodata        0x0000000008005798        0x9 ./Src/pulse_oximetry_lib.o
 *(.rodata*)
 *fill*         0x00000000080057a1        0x3 
 .rodata.Font16_Table
                0x00000000080057a4      0xbe0 ./Src/font16.o
                0x00000000080057a4                Font16_Table
 .rodata.Font24_Table
                0x0000000008006384     0x1ab8 ./Src/font24.o
                0x0000000008006384                Font24_Table
 .rodata._svfprintf_r.str1.1
                0x0000000008007e3c       0x11 C:/ST/STM32CubeIDE_1.13.1/STM32CubeIDE/plugins/com.st.stm32cube.ide.mcu.externaltools.gnu-tools-for-stm32.11.3.rel1.win32_1.1.0.202305231506/tools/bin/../lib/gcc/arm-none-eabi/11.3.1/../../../../arm-none-eabi/lib/thumb/v7e-m+fp/hard\libc_nano.a(libc_a-nano-svfprintf.o)
 .rodata._vfprintf_r.str1.1
                0x0000000008007e4d       0x11 C:/ST/STM32CubeIDE_1.13.1/STM32CubeIDE/plugins/com.st.stm32cube.ide.mcu.externaltools.gnu-tools-for-stm32.11.3.rel1.win32_1.1.0.202305231506/tools/bin/../lib/gcc/arm-none-eabi/11.3.1/../../../../arm-none-eabi/lib/thumb/v7e-m+fp/hard\libc_nano.a(libc_a-nano-vfprintf.o)
 .rodata._printf_i.str1.1
                0x0000000008007e4d       0x22 C:/ST/STM32CubeIDE_1.13.1/STM32CubeIDE/plugins/com.st.stm32cube.ide.mcu.externaltools.gnu-tools-for-stm32.11.3.rel1.win32_1.1.0.202305231506/tools/bin/../lib/gcc/arm-none-eabi/11.3.1/../../../../arm-none-eabi/lib/thumb/v7e-m+fp/hard\libc_nano.a(libc_a-nano-vfprintf_i.o)
                0x0000000008007e70                . = ALIGN (0x4)
 *fill*         0x0000000008007e6f        0x1 

.rel.dyn        0x0000000008007e70        0x0
 .rel.iplt      0x0000000008007e70        0x0 C:/ST/STM32CubeIDE_1.13.1/STM32CubeIDE/plugins/com.st.stm32cube.ide.mcu.externaltools.gnu-tools-for-stm32.11.3.rel1.win32_1.1.0.202305231506/tools/bin/../lib/gcc/arm-none-eabi/11.3.1/thumb/v7e-m+fp/hard/crtbegin.o

.ARM.extab      0x0000000008007e70        0x0
                0x0000000008007e70                . = ALIGN (0x4)
 *(.ARM.extab* .gnu.linkonce.armextab.*)
                0x0000000008007e70                . = ALIGN (0x4)

.ARM            0x0000000008007e70        0x0
                0x0000000008007e70                . = ALIGN (0x4)
                0x0000000008007e70                __exidx_start = .
 *(.ARM.exidx*)
                0x0000000008007e70                __exidx_end = .
                0x0000000008007e70                . = ALIGN (0x4)

.preinit_array  0x0000000008007e70        0x0
                0x0000000008007e70                . = ALIGN (0x4)
                0x0000000008007e70                PROVIDE (__preinit_array_start = .)
 *(.preinit_array*)
                0x0000000008007e70                PROVIDE (__preinit_array_end = .)
                0x0000000008007e70                . = ALIGN (0x4)

.init_array     0x0000000008007e70        0x4
                0x0000000008007e70                . = ALIGN (0x4)
                0x0000000008007e70                PROVIDE (__init_array_start = .)
 *(SORT_BY_NAME(.init_array.*))
 *(.init_array*)
 .init_array    0x0000000008007e70        0x4 C:/ST/STM32CubeIDE_1.13.1/STM32CubeIDE/plugins/com.st.stm32cube.ide.mcu.externaltools.gnu-tools-for-stm32.11.3.rel1.win32_1.1.0.202305231506/tools/bin/../lib/gcc/arm-none-eabi/11.3.1/thumb/v7e-m+fp/hard/crtbegin.o
                0x0000000008007e74                PROVIDE (__init_array_end = .)
                0x0000000008007e74                . = ALIGN (0x4)

.fini_array     0x0000000008007e74        0x4
                0x0000000008007e74                . = ALIGN (0x4)
                [!provide]                        PROVIDE (__fini_array_start = .)
 *(SORT_BY_NAME(.fini_array.*))
 *(.fini_array*)
 .fini_array    0x0000000008007e74        0x4 C:/ST/STM32CubeIDE_1.13.1/STM32CubeIDE/plugins/com.st.stm32cube.ide.mcu.externaltools.gnu-tools-for-stm32.11.3.rel1.win32_1.1.0.202305231506/tools/bin/../lib/gcc/arm-none-eabi/11.3.1/thumb/v7e-m+fp/hard/crtbegin.o
                [!provide]                        PROVIDE (__fini_array_end = .)
                0x0000000008007e78                . = ALIGN (0x4)
                0x0000000008007e78                _sidata = LOADADDR (.data)

.data           0x0000000020000000       0x80 load address 0x0000000008007e78
                0x0000000020000000                . = ALIGN (0x4)
                0x0000000020000000                _sdata = .
 *(.data)
 *(.data*)
 .data.Font16   0x0000000020000000        0x8 ./Src/font16.o
                0x0000000020000000                Font16
 .data.Font24   0x0000000020000008        0x8 ./Src/font24.o
                0x0000000020000008                Font24
 .data.n_last_peak_interval
                0x0000000020000010        0x4 ./Src/pulse_oximetry_lib.o
 .data.__sglue  0x0000000020000014        0xc C:/ST/STM32CubeIDE_1.13.1/STM32CubeIDE/plugins/com.st.stm32cube.ide.mcu.externaltools.gnu-tools-for-stm32.11.3.rel1.win32_1.1.0.202305231506/tools/bin/../lib/gcc/arm-none-eabi/11.3.1/../../../../arm-none-eabi/lib/thumb/v7e-m+fp/hard\libc_nano.a(libc_a-findfp.o)
                0x0000000020000014                __sglue
 .data._impure_data
                0x0000000020000020       0x4c C:/ST/STM32CubeIDE_1.13.1/STM32CubeIDE/plugins/com.st.stm32cube.ide.mcu.externaltools.gnu-tools-for-stm32.11.3.rel1.win32_1.1.0.202305231506/tools/bin/../lib/gcc/arm-none-eabi/11.3.1/../../../../arm-none-eabi/lib/thumb/v7e-m+fp/hard\libc_nano.a(libc_a-impure.o)
                0x0000000020000020                _impure_data
 .data._impure_ptr
                0x000000002000006c        0x4 C:/ST/STM32CubeIDE_1.13.1/STM32CubeIDE/plugins/com.st.stm32cube.ide.mcu.externaltools.gnu-tools-for-stm32.11.3.rel1.win32_1.1.0.202305231506/tools/bin/../lib/gcc/arm-none-eabi/11.3.1/../../../../arm-none-eabi/lib/thumb/v7e-m+fp/hard\libc_nano.a(libc_a-impure.o)
                0x000000002000006c                _impure_ptr
 .data.one      0x0000000020000070        0x8 C:/ST/STM32CubeIDE_1.13.1/STM32CubeIDE/plugins/com.st.stm32cube.ide.mcu.externaltools.gnu-tools-for-stm32.11.3.rel1.win32_1.1.0.202305231506/tools/bin/../lib/gcc/arm-none-eabi/11.3.1/../../../../arm-none-eabi/lib/thumb/v7e-m+fp/hard\libm.a(libm_a-e_sqrt.o)
 .data.tiny     0x0000000020000078        0x8 C:/ST/STM32CubeIDE_1.13.1/STM32CubeIDE/plugins/com.st.stm32cube.ide.mcu.externaltools.gnu-tools-for-stm32.11.3.rel1.win32_1.1.0.202305231506/tools/bin/../lib/gcc/arm-none-eabi/11.3.1/../../../../arm-none-eabi/lib/thumb/v7e-m+fp/hard\libm.a(libm_a-e_sqrt.o)
 *(.RamFunc)
 *(.RamFunc*)
                0x0000000020000080                . = ALIGN (0x4)
                0x0000000020000080                _edata = .

.igot.plt       0x0000000020000080        0x0 load address 0x0000000008007ef8
 .igot.plt      0x0000000020000080        0x0 C:/ST/STM32CubeIDE_1.13.1/STM32CubeIDE/plugins/com.st.stm32cube.ide.mcu.externaltools.gnu-tools-for-stm32.11.3.rel1.win32_1.1.0.202305231506/tools/bin/../lib/gcc/arm-none-eabi/11.3.1/thumb/v7e-m+fp/hard/crtbegin.o
                0x0000000020000080                . = ALIGN (0x4)

.bss            0x0000000020000080      0x528 load address 0x0000000008007ef8
                0x0000000020000080                _sbss = .
                0x0000000020000080                __bss_start__ = _sbss
 *(.bss)
 .bss           0x0000000020000080       0x1c C:/ST/STM32CubeIDE_1.13.1/STM32CubeIDE/plugins/com.st.stm32cube.ide.mcu.externaltools.gnu-tools-for-stm32.11.3.rel1.win32_1.1.0.202305231506/tools/bin/../lib/gcc/arm-none-eabi/11.3.1/thumb/v7e-m+fp/hard/crtbegin.o
 *(.bss*)
 .bss.Paint     0x000000002000009c       0x18 ./Src/GUI_Paint.o
                0x000000002000009c                Paint
 .bss.DISPLAY   0x00000000200000b4        0x4 ./Src/GUI_Paint.o
                0x00000000200000b4                DISPLAY
 .bss.CLEAR     0x00000000200000b8        0x4 ./Src/GUI_Paint.o
                0x00000000200000b8                CLEAR
 .bss.LCD_1IN28
                0x00000000200000bc        0x6 ./Src/LCD_1inch28.o
                0x00000000200000bc                LCD_1IN28
 *fill*         0x00000000200000c2        0x2 
 .bss.hspi1     0x00000000200000c4       0x44 ./Src/display_driver.o
                0x00000000200000c4                hspi1
 .bss.aun_ir_buffer
                0x0000000020000108      0x190 ./Src/max30102_lib.o
 .bss.aun_red_buffer
                0x0000000020000298      0x190 ./Src/max30102_lib.o
 .bss.ch_spo2_valid
                0x0000000020000428        0x1 ./Src/max30102_lib.o
                0x0000000020000428                ch_spo2_valid
 .bss.ch_hr_valid
                0x0000000020000429        0x1 ./Src/max30102_lib.o
                0x0000000020000429                ch_hr_valid
 *fill*         0x000000002000042a        0x2 
 .bss.n_heart_rate
                0x000000002000042c        0x4 ./Src/max30102_lib.o
                0x000000002000042c                n_heart_rate
 .bss.n_spo2    0x0000000020000430        0x4 ./Src/max30102_lib.o
                0x0000000020000430                n_spo2
 .bss.ratio_val
                0x0000000020000434        0x4 ./Src/max30102_lib.o
                0x0000000020000434                ratio_val
 .bss.correl_val
                0x0000000020000438        0x4 ./Src/max30102_lib.o
                0x0000000020000438                correl_val
 .bss.time_buff
                0x000000002000043c       0x14 ./Src/pulse_ox_display.o
                0x000000002000043c                time_buff
 .bss.__sbrk_heap_end
                0x0000000020000450        0x4 ./Src/sysmem.o
 .bss.g_curr_tick
                0x0000000020000454        0x4 ./Src/timebase.o
                0x0000000020000454                g_curr_tick
 .bss.g_curr_tick_p
                0x0000000020000458        0x4 ./Src/timebase.o
                0x0000000020000458                g_curr_tick_p
 .bss.__malloc_free_list
                0x000000002000045c        0x4 C:/ST/STM32CubeIDE_1.13.1/STM32CubeIDE/plugins/com.st.stm32cube.ide.mcu.externaltools.gnu-tools-for-stm32.11.3.rel1.win32_1.1.0.202305231506/tools/bin/../lib/gcc/arm-none-eabi/11.3.1/../../../../arm-none-eabi/lib/thumb/v7e-m+fp/hard\libc_nano.a(libc_a-mallocr.o)
                0x000000002000045c                __malloc_free_list
 .bss.__malloc_sbrk_start
                0x0000000020000460        0x4 C:/ST/STM32CubeIDE_1.13.1/STM32CubeIDE/plugins/com.st.stm32cube.ide.mcu.externaltools.gnu-tools-for-stm32.11.3.rel1.win32_1.1.0.202305231506/tools/bin/../lib/gcc/arm-none-eabi/11.3.1/../../../../arm-none-eabi/lib/thumb/v7e-m+fp/hard\libc_nano.a(libc_a-mallocr.o)
                0x0000000020000460                __malloc_sbrk_start
 .bss.__sf      0x0000000020000464      0x138 C:/ST/STM32CubeIDE_1.13.1/STM32CubeIDE/plugins/com.st.stm32cube.ide.mcu.externaltools.gnu-tools-for-stm32.11.3.rel1.win32_1.1.0.202305231506/tools/bin/../lib/gcc/arm-none-eabi/11.3.1/../../../../arm-none-eabi/lib/thumb/v7e-m+fp/hard\libc_nano.a(libc_a-findfp.o)
                0x0000000020000464                __sf
 .bss.__stdio_exit_handler
                0x000000002000059c        0x4 C:/ST/STM32CubeIDE_1.13.1/STM32CubeIDE/plugins/com.st.stm32cube.ide.mcu.externaltools.gnu-tools-for-stm32.11.3.rel1.win32_1.1.0.202305231506/tools/bin/../lib/gcc/arm-none-eabi/11.3.1/../../../../arm-none-eabi/lib/thumb/v7e-m+fp/hard\libc_nano.a(libc_a-findfp.o)
                0x000000002000059c                __stdio_exit_handler
 .bss.errno     0x00000000200005a0        0x4 C:/ST/STM32CubeIDE_1.13.1/STM32CubeIDE/plugins/com.st.stm32cube.ide.mcu.externaltools.gnu-tools-for-stm32.11.3.rel1.win32_1.1.0.202305231506/tools/bin/../lib/gcc/arm-none-eabi/11.3.1/../../../../arm-none-eabi/lib/thumb/v7e-m+fp/hard\libc_nano.a(libc_a-reent.o)
                0x00000000200005a0                errno
 .bss.__lock___malloc_recursive_mutex
                0x00000000200005a4        0x1 C:/ST/STM32CubeIDE_1.13.1/STM32CubeIDE/plugins/com.st.stm32cube.ide.mcu.externaltools.gnu-tools-for-stm32.11.3.rel1.win32_1.1.0.202305231506/tools/bin/../lib/gcc/arm-none-eabi/11.3.1/../../../../arm-none-eabi/lib/thumb/v7e-m+fp/hard\libc_nano.a(libc_a-lock.o)
                0x00000000200005a4                __lock___malloc_recursive_mutex
 .bss.__lock___sfp_recursive_mutex
                0x00000000200005a5        0x1 C:/ST/STM32CubeIDE_1.13.1/STM32CubeIDE/plugins/com.st.stm32cube.ide.mcu.externaltools.gnu-tools-for-stm32.11.3.rel1.win32_1.1.0.202305231506/tools/bin/../lib/gcc/arm-none-eabi/11.3.1/../../../../arm-none-eabi/lib/thumb/v7e-m+fp/hard\libc_nano.a(libc_a-lock.o)
                0x00000000200005a5                __lock___sfp_recursive_mutex
 *(COMMON)
                0x00000000200005a8                . = ALIGN (0x4)
 *fill*         0x00000000200005a6        0x2 
                0x00000000200005a8                _ebss = .
                0x00000000200005a8                __bss_end__ = _ebss

._user_heap_stack
                0x00000000200005a8      0x600 load address 0x0000000008007ef8
                0x00000000200005a8                . = ALIGN (0x8)
                [!provide]                        PROVIDE (end = .)
                0x00000000200005a8                PROVIDE (_end = .)
                0x00000000200007a8                . = (. + _Min_Heap_Size)
 *fill*         0x00000000200005a8      0x200 
                0x0000000020000ba8                . = (. + _Min_Stack_Size)
 *fill*         0x00000000200007a8      0x400 
                0x0000000020000ba8                . = ALIGN (0x8)

/DISCARD/
 libc.a(*)
 libm.a(*)
 libgcc.a(*)

.ARM.attributes
                0x0000000000000000       0x30
 *(.ARM.attributes)
 .ARM.attributes
                0x0000000000000000       0x1e C:/ST/STM32CubeIDE_1.13.1/STM32CubeIDE/plugins/com.st.stm32cube.ide.mcu.externaltools.gnu-tools-for-stm32.11.3.rel1.win32_1.1.0.202305231506/tools/bin/../lib/gcc/arm-none-eabi/11.3.1/thumb/v7e-m+fp/hard/crti.o
 .ARM.attributes
                0x000000000000001e       0x34 C:/ST/STM32CubeIDE_1.13.1/STM32CubeIDE/plugins/com.st.stm32cube.ide.mcu.externaltools.gnu-tools-for-stm32.11.3.rel1.win32_1.1.0.202305231506/tools/bin/../lib/gcc/arm-none-eabi/11.3.1/thumb/v7e-m+fp/hard/crtbegin.o
 .ARM.attributes
                0x0000000000000052       0x34 ./Src/DEV_Config.o
 .ARM.attributes
                0x0000000000000086       0x34 ./Src/GUI_Paint.o
 .ARM.attributes
                0x00000000000000ba       0x34 ./Src/LCD_1inch28.o
 .ARM.attributes
                0x00000000000000ee       0x34 ./Src/display_driver.o
 .ARM.attributes
                0x0000000000000122       0x34 ./Src/font16.o
 .ARM.attributes
                0x0000000000000156       0x34 ./Src/font24.o
 .ARM.attributes
                0x000000000000018a       0x34 ./Src/fpu.o
 .ARM.attributes
                0x00000000000001be       0x34 ./Src/i2c.o
 .ARM.attributes
                0x00000000000001f2       0x34 ./Src/main.o
 .ARM.attributes
                0x0000000000000226       0x34 ./Src/max30102.o
 .ARM.attributes
                0x000000000000025a       0x34 ./Src/max30102_lib.o
 .ARM.attributes
                0x000000000000028e       0x34 ./Src/pulse_ox_display.o
 .ARM.attributes
                0x00000000000002c2       0x34 ./Src/pulse_oximetry_lib.o
 .ARM.attributes
                0x00000000000002f6       0x34 ./Src/rtc.o
 .ARM.attributes
                0x000000000000032a       0x34 ./Src/spi.o
 .ARM.attributes
                0x000000000000035e       0x34 ./Src/syscalls.o
 .ARM.attributes
                0x0000000000000392       0x34 ./Src/sysmem.o
 .ARM.attributes
                0x00000000000003c6       0x34 ./Src/timebase.o
 .ARM.attributes
                0x00000000000003fa       0x34 ./Src/uart.o
 .ARM.attributes
                0x000000000000042e       0x21 ./Startup/startup_stm32f411retx.o
 .ARM.attributes
                0x000000000000044f       0x34 C:/ST/STM32CubeIDE_1.13.1/STM32CubeIDE/plugins/com.st.stm32cube.ide.mcu.externaltools.gnu-tools-for-stm32.11.3.rel1.win32_1.1.0.202305231506/tools/bin/../lib/gcc/arm-none-eabi/11.3.1/../../../../arm-none-eabi/lib/thumb/v7e-m+fp/hard\libc_nano.a(libc_a-mallocr.o)
 .ARM.attributes
                0x0000000000000483       0x34 C:/ST/STM32CubeIDE_1.13.1/STM32CubeIDE/plugins/com.st.stm32cube.ide.mcu.externaltools.gnu-tools-for-stm32.11.3.rel1.win32_1.1.0.202305231506/tools/bin/../lib/gcc/arm-none-eabi/11.3.1/../../../../arm-none-eabi/lib/thumb/v7e-m+fp/hard\libc_nano.a(libc_a-mlock.o)
 .ARM.attributes
                0x00000000000004b7       0x34 C:/ST/STM32CubeIDE_1.13.1/STM32CubeIDE/plugins/com.st.stm32cube.ide.mcu.externaltools.gnu-tools-for-stm32.11.3.rel1.win32_1.1.0.202305231506/tools/bin/../lib/gcc/arm-none-eabi/11.3.1/../../../../arm-none-eabi/lib/thumb/v7e-m+fp/hard\libc_nano.a(libc_a-findfp.o)
 .ARM.attributes
                0x00000000000004eb       0x34 C:/ST/STM32CubeIDE_1.13.1/STM32CubeIDE/plugins/com.st.stm32cube.ide.mcu.externaltools.gnu-tools-for-stm32.11.3.rel1.win32_1.1.0.202305231506/tools/bin/../lib/gcc/arm-none-eabi/11.3.1/../../../../arm-none-eabi/lib/thumb/v7e-m+fp/hard\libc_nano.a(libc_a-fwalk.o)
 .ARM.attributes
                0x000000000000051f       0x34 C:/ST/STM32CubeIDE_1.13.1/STM32CubeIDE/plugins/com.st.stm32cube.ide.mcu.externaltools.gnu-tools-for-stm32.11.3.rel1.win32_1.1.0.202305231506/tools/bin/../lib/gcc/arm-none-eabi/11.3.1/../../../../arm-none-eabi/lib/thumb/v7e-m+fp/hard\libc_nano.a(libc_a-printf.o)
 .ARM.attributes
                0x0000000000000553       0x34 C:/ST/STM32CubeIDE_1.13.1/STM32CubeIDE/plugins/com.st.stm32cube.ide.mcu.externaltools.gnu-tools-for-stm32.11.3.rel1.win32_1.1.0.202305231506/tools/bin/../lib/gcc/arm-none-eabi/11.3.1/../../../../arm-none-eabi/lib/thumb/v7e-m+fp/hard\libc_nano.a(libc_a-puts.o)
 .ARM.attributes
                0x0000000000000587       0x34 C:/ST/STM32CubeIDE_1.13.1/STM32CubeIDE/plugins/com.st.stm32cube.ide.mcu.externaltools.gnu-tools-for-stm32.11.3.rel1.win32_1.1.0.202305231506/tools/bin/../lib/gcc/arm-none-eabi/11.3.1/../../../../arm-none-eabi/lib/thumb/v7e-m+fp/hard\libc_nano.a(libc_a-snprintf.o)
 .ARM.attributes
                0x00000000000005bb       0x34 C:/ST/STM32CubeIDE_1.13.1/STM32CubeIDE/plugins/com.st.stm32cube.ide.mcu.externaltools.gnu-tools-for-stm32.11.3.rel1.win32_1.1.0.202305231506/tools/bin/../lib/gcc/arm-none-eabi/11.3.1/../../../../arm-none-eabi/lib/thumb/v7e-m+fp/hard\libc_nano.a(libc_a-sprintf.o)
 .ARM.attributes
                0x00000000000005ef       0x34 C:/ST/STM32CubeIDE_1.13.1/STM32CubeIDE/plugins/com.st.stm32cube.ide.mcu.externaltools.gnu-tools-for-stm32.11.3.rel1.win32_1.1.0.202305231506/tools/bin/../lib/gcc/arm-none-eabi/11.3.1/../../../../arm-none-eabi/lib/thumb/v7e-m+fp/hard\libc_nano.a(libc_a-stdio.o)
 .ARM.attributes
                0x0000000000000623       0x34 C:/ST/STM32CubeIDE_1.13.1/STM32CubeIDE/plugins/com.st.stm32cube.ide.mcu.externaltools.gnu-tools-for-stm32.11.3.rel1.win32_1.1.0.202305231506/tools/bin/../lib/gcc/arm-none-eabi/11.3.1/../../../../arm-none-eabi/lib/thumb/v7e-m+fp/hard\libc_nano.a(libc_a-wbuf.o)
 .ARM.attributes
                0x0000000000000657       0x34 C:/ST/STM32CubeIDE_1.13.1/STM32CubeIDE/plugins/com.st.stm32cube.ide.mcu.externaltools.gnu-tools-for-stm32.11.3.rel1.win32_1.1.0.202305231506/tools/bin/../lib/gcc/arm-none-eabi/11.3.1/../../../../arm-none-eabi/lib/thumb/v7e-m+fp/hard\libc_nano.a(libc_a-wsetup.o)
 .ARM.attributes
                0x000000000000068b       0x34 C:/ST/STM32CubeIDE_1.13.1/STM32CubeIDE/plugins/com.st.stm32cube.ide.mcu.externaltools.gnu-tools-for-stm32.11.3.rel1.win32_1.1.0.202305231506/tools/bin/../lib/gcc/arm-none-eabi/11.3.1/../../../../arm-none-eabi/lib/thumb/v7e-m+fp/hard\libc_nano.a(libc_a-memset.o)
 .ARM.attributes
                0x00000000000006bf       0x34 C:/ST/STM32CubeIDE_1.13.1/STM32CubeIDE/plugins/com.st.stm32cube.ide.mcu.externaltools.gnu-tools-for-stm32.11.3.rel1.win32_1.1.0.202305231506/tools/bin/../lib/gcc/arm-none-eabi/11.3.1/../../../../arm-none-eabi/lib/thumb/v7e-m+fp/hard\libc_nano.a(libc_a-closer.o)
 .ARM.attributes
                0x00000000000006f3       0x34 C:/ST/STM32CubeIDE_1.13.1/STM32CubeIDE/plugins/com.st.stm32cube.ide.mcu.externaltools.gnu-tools-for-stm32.11.3.rel1.win32_1.1.0.202305231506/tools/bin/../lib/gcc/arm-none-eabi/11.3.1/../../../../arm-none-eabi/lib/thumb/v7e-m+fp/hard\libc_nano.a(libc_a-reent.o)
 .ARM.attributes
                0x0000000000000727       0x34 C:/ST/STM32CubeIDE_1.13.1/STM32CubeIDE/plugins/com.st.stm32cube.ide.mcu.externaltools.gnu-tools-for-stm32.11.3.rel1.win32_1.1.0.202305231506/tools/bin/../lib/gcc/arm-none-eabi/11.3.1/../../../../arm-none-eabi/lib/thumb/v7e-m+fp/hard\libc_nano.a(libc_a-impure.o)
 .ARM.attributes
                0x000000000000075b       0x34 C:/ST/STM32CubeIDE_1.13.1/STM32CubeIDE/plugins/com.st.stm32cube.ide.mcu.externaltools.gnu-tools-for-stm32.11.3.rel1.win32_1.1.0.202305231506/tools/bin/../lib/gcc/arm-none-eabi/11.3.1/../../../../arm-none-eabi/lib/thumb/v7e-m+fp/hard\libc_nano.a(libc_a-lseekr.o)
 .ARM.attributes
                0x000000000000078f       0x34 C:/ST/STM32CubeIDE_1.13.1/STM32CubeIDE/plugins/com.st.stm32cube.ide.mcu.externaltools.gnu-tools-for-stm32.11.3.rel1.win32_1.1.0.202305231506/tools/bin/../lib/gcc/arm-none-eabi/11.3.1/../../../../arm-none-eabi/lib/thumb/v7e-m+fp/hard\libc_nano.a(libc_a-readr.o)
 .ARM.attributes
                0x00000000000007c3       0x34 C:/ST/STM32CubeIDE_1.13.1/STM32CubeIDE/plugins/com.st.stm32cube.ide.mcu.externaltools.gnu-tools-for-stm32.11.3.rel1.win32_1.1.0.202305231506/tools/bin/../lib/gcc/arm-none-eabi/11.3.1/../../../../arm-none-eabi/lib/thumb/v7e-m+fp/hard\libc_nano.a(libc_a-sbrkr.o)
 .ARM.attributes
                0x00000000000007f7       0x34 C:/ST/STM32CubeIDE_1.13.1/STM32CubeIDE/plugins/com.st.stm32cube.ide.mcu.externaltools.gnu-tools-for-stm32.11.3.rel1.win32_1.1.0.202305231506/tools/bin/../lib/gcc/arm-none-eabi/11.3.1/../../../../arm-none-eabi/lib/thumb/v7e-m+fp/hard\libc_nano.a(libc_a-writer.o)
 .ARM.attributes
                0x000000000000082b       0x34 C:/ST/STM32CubeIDE_1.13.1/STM32CubeIDE/plugins/com.st.stm32cube.ide.mcu.externaltools.gnu-tools-for-stm32.11.3.rel1.win32_1.1.0.202305231506/tools/bin/../lib/gcc/arm-none-eabi/11.3.1/../../../../arm-none-eabi/lib/thumb/v7e-m+fp/hard\libc_nano.a(libc_a-errno.o)
 .ARM.attributes
                0x000000000000085f       0x34 C:/ST/STM32CubeIDE_1.13.1/STM32CubeIDE/plugins/com.st.stm32cube.ide.mcu.externaltools.gnu-tools-for-stm32.11.3.rel1.win32_1.1.0.202305231506/tools/bin/../lib/gcc/arm-none-eabi/11.3.1/../../../../arm-none-eabi/lib/thumb/v7e-m+fp/hard\libc_nano.a(libc_a-init.o)
 .ARM.attributes
                0x0000000000000893       0x34 C:/ST/STM32CubeIDE_1.13.1/STM32CubeIDE/plugins/com.st.stm32cube.ide.mcu.externaltools.gnu-tools-for-stm32.11.3.rel1.win32_1.1.0.202305231506/tools/bin/../lib/gcc/arm-none-eabi/11.3.1/../../../../arm-none-eabi/lib/thumb/v7e-m+fp/hard\libc_nano.a(libc_a-lock.o)
 .ARM.attributes
                0x00000000000008c7       0x34 C:/ST/STM32CubeIDE_1.13.1/STM32CubeIDE/plugins/com.st.stm32cube.ide.mcu.externaltools.gnu-tools-for-stm32.11.3.rel1.win32_1.1.0.202305231506/tools/bin/../lib/gcc/arm-none-eabi/11.3.1/../../../../arm-none-eabi/lib/thumb/v7e-m+fp/hard\libc_nano.a(libc_a-memcpy-stub.o)
 .ARM.attributes
                0x00000000000008fb       0x34 C:/ST/STM32CubeIDE_1.13.1/STM32CubeIDE/plugins/com.st.stm32cube.ide.mcu.externaltools.gnu-tools-for-stm32.11.3.rel1.win32_1.1.0.202305231506/tools/bin/../lib/gcc/arm-none-eabi/11.3.1/../../../../arm-none-eabi/lib/thumb/v7e-m+fp/hard\libc_nano.a(libc_a-freer.o)
 .ARM.attributes
                0x000000000000092f       0x34 C:/ST/STM32CubeIDE_1.13.1/STM32CubeIDE/plugins/com.st.stm32cube.ide.mcu.externaltools.gnu-tools-for-stm32.11.3.rel1.win32_1.1.0.202305231506/tools/bin/../lib/gcc/arm-none-eabi/11.3.1/../../../../arm-none-eabi/lib/thumb/v7e-m+fp/hard\libc_nano.a(libc_a-nano-svfprintf.o)
 .ARM.attributes
                0x0000000000000963       0x34 C:/ST/STM32CubeIDE_1.13.1/STM32CubeIDE/plugins/com.st.stm32cube.ide.mcu.externaltools.gnu-tools-for-stm32.11.3.rel1.win32_1.1.0.202305231506/tools/bin/../lib/gcc/arm-none-eabi/11.3.1/../../../../arm-none-eabi/lib/thumb/v7e-m+fp/hard\libc_nano.a(libc_a-nano-vfprintf.o)
 .ARM.attributes
                0x0000000000000997       0x34 C:/ST/STM32CubeIDE_1.13.1/STM32CubeIDE/plugins/com.st.stm32cube.ide.mcu.externaltools.gnu-tools-for-stm32.11.3.rel1.win32_1.1.0.202305231506/tools/bin/../lib/gcc/arm-none-eabi/11.3.1/../../../../arm-none-eabi/lib/thumb/v7e-m+fp/hard\libc_nano.a(libc_a-nano-vfprintf_i.o)
 .ARM.attributes
                0x00000000000009cb       0x34 C:/ST/STM32CubeIDE_1.13.1/STM32CubeIDE/plugins/com.st.stm32cube.ide.mcu.externaltools.gnu-tools-for-stm32.11.3.rel1.win32_1.1.0.202305231506/tools/bin/../lib/gcc/arm-none-eabi/11.3.1/../../../../arm-none-eabi/lib/thumb/v7e-m+fp/hard\libc_nano.a(libc_a-fflush.o)
 .ARM.attributes
                0x00000000000009ff       0x34 C:/ST/STM32CubeIDE_1.13.1/STM32CubeIDE/plugins/com.st.stm32cube.ide.mcu.externaltools.gnu-tools-for-stm32.11.3.rel1.win32_1.1.0.202305231506/tools/bin/../lib/gcc/arm-none-eabi/11.3.1/../../../../arm-none-eabi/lib/thumb/v7e-m+fp/hard\libc_nano.a(libc_a-makebuf.o)
 .ARM.attributes
                0x0000000000000a33       0x34 C:/ST/STM32CubeIDE_1.13.1/STM32CubeIDE/plugins/com.st.stm32cube.ide.mcu.externaltools.gnu-tools-for-stm32.11.3.rel1.win32_1.1.0.202305231506/tools/bin/../lib/gcc/arm-none-eabi/11.3.1/../../../../arm-none-eabi/lib/thumb/v7e-m+fp/hard\libc_nano.a(libc_a-memmove.o)
 .ARM.attributes
                0x0000000000000a67       0x34 C:/ST/STM32CubeIDE_1.13.1/STM32CubeIDE/plugins/com.st.stm32cube.ide.mcu.externaltools.gnu-tools-for-stm32.11.3.rel1.win32_1.1.0.202305231506/tools/bin/../lib/gcc/arm-none-eabi/11.3.1/../../../../arm-none-eabi/lib/thumb/v7e-m+fp/hard\libc_nano.a(libc_a-fstatr.o)
 .ARM.attributes
                0x0000000000000a9b       0x34 C:/ST/STM32CubeIDE_1.13.1/STM32CubeIDE/plugins/com.st.stm32cube.ide.mcu.externaltools.gnu-tools-for-stm32.11.3.rel1.win32_1.1.0.202305231506/tools/bin/../lib/gcc/arm-none-eabi/11.3.1/../../../../arm-none-eabi/lib/thumb/v7e-m+fp/hard\libc_nano.a(libc_a-isattyr.o)
 .ARM.attributes
                0x0000000000000acf       0x1c C:/ST/STM32CubeIDE_1.13.1/STM32CubeIDE/plugins/com.st.stm32cube.ide.mcu.externaltools.gnu-tools-for-stm32.11.3.rel1.win32_1.1.0.202305231506/tools/bin/../lib/gcc/arm-none-eabi/11.3.1/../../../../arm-none-eabi/lib/thumb/v7e-m+fp/hard\libc_nano.a(libc_a-memchr.o)
 .ARM.attributes
                0x0000000000000aeb       0x34 C:/ST/STM32CubeIDE_1.13.1/STM32CubeIDE/plugins/com.st.stm32cube.ide.mcu.externaltools.gnu-tools-for-stm32.11.3.rel1.win32_1.1.0.202305231506/tools/bin/../lib/gcc/arm-none-eabi/11.3.1/../../../../arm-none-eabi/lib/thumb/v7e-m+fp/hard\libc_nano.a(libc_a-reallocr.o)
 .ARM.attributes
                0x0000000000000b1f       0x34 C:/ST/STM32CubeIDE_1.13.1/STM32CubeIDE/plugins/com.st.stm32cube.ide.mcu.externaltools.gnu-tools-for-stm32.11.3.rel1.win32_1.1.0.202305231506/tools/bin/../lib/gcc/arm-none-eabi/11.3.1/../../../../arm-none-eabi/lib/thumb/v7e-m+fp/hard\libc_nano.a(libc_a-msizer.o)
 .ARM.attributes
                0x0000000000000b53       0x34 C:/ST/STM32CubeIDE_1.13.1/STM32CubeIDE/plugins/com.st.stm32cube.ide.mcu.externaltools.gnu-tools-for-stm32.11.3.rel1.win32_1.1.0.202305231506/tools/bin/../lib/gcc/arm-none-eabi/11.3.1/../../../../arm-none-eabi/lib/thumb/v7e-m+fp/hard\libm.a(libm_a-w_sqrt.o)
 .ARM.attributes
                0x0000000000000b87       0x34 C:/ST/STM32CubeIDE_1.13.1/STM32CubeIDE/plugins/com.st.stm32cube.ide.mcu.externaltools.gnu-tools-for-stm32.11.3.rel1.win32_1.1.0.202305231506/tools/bin/../lib/gcc/arm-none-eabi/11.3.1/../../../../arm-none-eabi/lib/thumb/v7e-m+fp/hard\libm.a(libm_a-e_sqrt.o)
 .ARM.attributes
                0x0000000000000bbb       0x1e C:/ST/STM32CubeIDE_1.13.1/STM32CubeIDE/plugins/com.st.stm32cube.ide.mcu.externaltools.gnu-tools-for-stm32.11.3.rel1.win32_1.1.0.202305231506/tools/bin/../lib/gcc/arm-none-eabi/11.3.1/thumb/v7e-m+fp/hard\libgcc.a(_arm_addsubdf3.o)
 .ARM.attributes
                0x0000000000000bd9       0x1e C:/ST/STM32CubeIDE_1.13.1/STM32CubeIDE/plugins/com.st.stm32cube.ide.mcu.externaltools.gnu-tools-for-stm32.11.3.rel1.win32_1.1.0.202305231506/tools/bin/../lib/gcc/arm-none-eabi/11.3.1/thumb/v7e-m+fp/hard\libgcc.a(_arm_muldivdf3.o)
 .ARM.attributes
                0x0000000000000bf7       0x1e C:/ST/STM32CubeIDE_1.13.1/STM32CubeIDE/plugins/com.st.stm32cube.ide.mcu.externaltools.gnu-tools-for-stm32.11.3.rel1.win32_1.1.0.202305231506/tools/bin/../lib/gcc/arm-none-eabi/11.3.1/thumb/v7e-m+fp/hard\libgcc.a(_arm_cmpdf2.o)
 .ARM.attributes
                0x0000000000000c15       0x1e C:/ST/STM32CubeIDE_1.13.1/STM32CubeIDE/plugins/com.st.stm32cube.ide.mcu.externaltools.gnu-tools-for-stm32.11.3.rel1.win32_1.1.0.202305231506/tools/bin/../lib/gcc/arm-none-eabi/11.3.1/thumb/v7e-m+fp/hard\libgcc.a(_arm_unorddf2.o)
 .ARM.attributes
                0x0000000000000c33       0x1e C:/ST/STM32CubeIDE_1.13.1/STM32CubeIDE/plugins/com.st.stm32cube.ide.mcu.externaltools.gnu-tools-for-stm32.11.3.rel1.win32_1.1.0.202305231506/tools/bin/../lib/gcc/arm-none-eabi/11.3.1/thumb/v7e-m+fp/hard\libgcc.a(_arm_truncdfsf2.o)
 .ARM.attributes
                0x0000000000000c51       0x1e C:/ST/STM32CubeIDE_1.13.1/STM32CubeIDE/plugins/com.st.stm32cube.ide.mcu.externaltools.gnu-tools-for-stm32.11.3.rel1.win32_1.1.0.202305231506/tools/bin/../lib/gcc/arm-none-eabi/11.3.1/thumb/v7e-m+fp/hard/crtn.o
OUTPUT(11_MAX30102_pulse_oximetry.elf elf32-littlearm)
LOAD linker stubs
LOAD C:/ST/STM32CubeIDE_1.13.1/STM32CubeIDE/plugins/com.st.stm32cube.ide.mcu.externaltools.gnu-tools-for-stm32.11.3.rel1.win32_1.1.0.202305231506/tools/bin/../lib/gcc/arm-none-eabi/11.3.1/../../../../arm-none-eabi/lib/thumb/v7e-m+fp/hard\libc.a
LOAD C:/ST/STM32CubeIDE_1.13.1/STM32CubeIDE/plugins/com.st.stm32cube.ide.mcu.externaltools.gnu-tools-for-stm32.11.3.rel1.win32_1.1.0.202305231506/tools/bin/../lib/gcc/arm-none-eabi/11.3.1/../../../../arm-none-eabi/lib/thumb/v7e-m+fp/hard\libm.a
LOAD C:/ST/STM32CubeIDE_1.13.1/STM32CubeIDE/plugins/com.st.stm32cube.ide.mcu.externaltools.gnu-tools-for-stm32.11.3.rel1.win32_1.1.0.202305231506/tools/bin/../lib/gcc/arm-none-eabi/11.3.1/thumb/v7e-m+fp/hard\libgcc.a

.comment        0x0000000000000000       0x43
 .comment       0x0000000000000000       0x43 C:/ST/STM32CubeIDE_1.13.1/STM32CubeIDE/plugins/com.st.stm32cube.ide.mcu.externaltools.gnu-tools-for-stm32.11.3.rel1.win32_1.1.0.202305231506/tools/bin/../lib/gcc/arm-none-eabi/11.3.1/thumb/v7e-m+fp/hard/crtbegin.o
                                         0x44 (size before relaxing)
 .comment       0x0000000000000043       0x44 ./Src/DEV_Config.o
 .comment       0x0000000000000043       0x44 ./Src/GUI_Paint.o
 .comment       0x0000000000000043       0x44 ./Src/LCD_1inch28.o
 .comment       0x0000000000000043       0x44 ./Src/display_driver.o
 .comment       0x0000000000000043       0x44 ./Src/font16.o
 .comment       0x0000000000000043       0x44 ./Src/font24.o
 .comment       0x0000000000000043       0x44 ./Src/fpu.o
 .comment       0x0000000000000043       0x44 ./Src/i2c.o
 .comment       0x0000000000000043       0x44 ./Src/main.o
 .comment       0x0000000000000043       0x44 ./Src/max30102.o
 .comment       0x0000000000000043       0x44 ./Src/max30102_lib.o
 .comment       0x0000000000000043       0x44 ./Src/pulse_ox_display.o
 .comment       0x0000000000000043       0x44 ./Src/pulse_oximetry_lib.o
 .comment       0x0000000000000043       0x44 ./Src/rtc.o
 .comment       0x0000000000000043       0x44 ./Src/spi.o
 .comment       0x0000000000000043       0x44 ./Src/syscalls.o
 .comment       0x0000000000000043       0x44 ./Src/sysmem.o
 .comment       0x0000000000000043       0x44 ./Src/timebase.o
 .comment       0x0000000000000043       0x44 ./Src/uart.o

.debug_info     0x0000000000000000     0x58de
 .debug_info    0x0000000000000000      0x49a ./Src/DEV_Config.o
 .debug_info    0x000000000000049a      0xe5f ./Src/GUI_Paint.o
 .debug_info    0x00000000000012f9      0x5ed ./Src/LCD_1inch28.o
 .debug_info    0x00000000000018e6      0x57d ./Src/display_driver.o
 .debug_info    0x0000000000001e63      0x12c ./Src/font16.o
 .debug_info    0x0000000000001f8f      0x12c ./Src/font24.o
 .debug_info    0x00000000000020bb      0x249 ./Src/fpu.o
 .debug_info    0x0000000000002304      0x700 ./Src/i2c.o
 .debug_info    0x0000000000002a04      0x127 ./Src/main.o
 .debug_info    0x0000000000002b2b      0x1f6 ./Src/max30102.o
 .debug_info    0x0000000000002d21      0x4eb ./Src/max30102_lib.o
 .debug_info    0x000000000000320c      0x45b ./Src/pulse_ox_display.o
 .debug_info    0x0000000000003667      0x64f ./Src/pulse_oximetry_lib.o
 .debug_info    0x0000000000003cb6      0x711 ./Src/rtc.o
 .debug_info    0x00000000000043c7      0x6fa ./Src/spi.o
 .debug_info    0x0000000000004ac1      0x6a3 ./Src/syscalls.o
 .debug_info    0x0000000000005164      0x168 ./Src/sysmem.o
 .debug_info    0x00000000000052cc      0x1d7 ./Src/timebase.o
 .debug_info    0x00000000000054a3      0x418 ./Src/uart.o
 .debug_info    0x00000000000058bb       0x23 ./Startup/startup_stm32f411retx.o

.debug_abbrev   0x0000000000000000     0x1a2b
 .debug_abbrev  0x0000000000000000      0x1eb ./Src/DEV_Config.o
 .debug_abbrev  0x00000000000001eb      0x22c ./Src/GUI_Paint.o
 .debug_abbrev  0x0000000000000417      0x23d ./Src/LCD_1inch28.o
 .debug_abbrev  0x0000000000000654      0x15f ./Src/display_driver.o
 .debug_abbrev  0x00000000000007b3       0xb1 ./Src/font16.o
 .debug_abbrev  0x0000000000000864       0xb1 ./Src/font24.o
 .debug_abbrev  0x0000000000000915       0xb8 ./Src/fpu.o
 .debug_abbrev  0x00000000000009cd      0x1e2 ./Src/i2c.o
 .debug_abbrev  0x0000000000000baf       0xa3 ./Src/main.o
 .debug_abbrev  0x0000000000000c52       0xea ./Src/max30102.o
 .debug_abbrev  0x0000000000000d3c      0x177 ./Src/max30102_lib.o
 .debug_abbrev  0x0000000000000eb3      0x194 ./Src/pulse_ox_display.o
 .debug_abbrev  0x0000000000001047      0x18c ./Src/pulse_oximetry_lib.o
 .debug_abbrev  0x00000000000011d3      0x176 ./Src/rtc.o
 .debug_abbrev  0x0000000000001349      0x1af ./Src/spi.o
 .debug_abbrev  0x00000000000014f8      0x1b6 ./Src/syscalls.o
 .debug_abbrev  0x00000000000016ae       0xbc ./Src/sysmem.o
 .debug_abbrev  0x000000000000176a      0x16e ./Src/timebase.o
 .debug_abbrev  0x00000000000018d8      0x141 ./Src/uart.o
 .debug_abbrev  0x0000000000001a19       0x12 ./Startup/startup_stm32f411retx.o

.debug_aranges  0x0000000000000000      0x5e0
 .debug_aranges
                0x0000000000000000       0x48 ./Src/DEV_Config.o
 .debug_aranges
                0x0000000000000048       0xb0 ./Src/GUI_Paint.o
 .debug_aranges
                0x00000000000000f8       0x80 ./Src/LCD_1inch28.o
 .debug_aranges
                0x0000000000000178       0x30 ./Src/display_driver.o
 .debug_aranges
                0x00000000000001a8       0x18 ./Src/font16.o
 .debug_aranges
                0x00000000000001c0       0x18 ./Src/font24.o
 .debug_aranges
                0x00000000000001d8       0x20 ./Src/fpu.o
 .debug_aranges
                0x00000000000001f8       0x60 ./Src/i2c.o
 .debug_aranges
                0x0000000000000258       0x20 ./Src/main.o
 .debug_aranges
                0x0000000000000278       0x40 ./Src/max30102.o
 .debug_aranges
                0x00000000000002b8       0x38 ./Src/max30102_lib.o
 .debug_aranges
                0x00000000000002f0       0x38 ./Src/pulse_ox_display.o
 .debug_aranges
                0x0000000000000328       0x50 ./Src/pulse_oximetry_lib.o
 .debug_aranges
                0x0000000000000378       0xb8 ./Src/rtc.o
 .debug_aranges
                0x0000000000000430       0x40 ./Src/spi.o
 .debug_aranges
                0x0000000000000470       0xa8 ./Src/syscalls.o
 .debug_aranges
                0x0000000000000518       0x20 ./Src/sysmem.o
 .debug_aranges
                0x0000000000000538       0x40 ./Src/timebase.o
 .debug_aranges
                0x0000000000000578       0x40 ./Src/uart.o
 .debug_aranges
                0x00000000000005b8       0x28 ./Startup/startup_stm32f411retx.o

.debug_rnglists
                0x0000000000000000      0x42c
 .debug_rnglists
                0x0000000000000000       0x31 ./Src/DEV_Config.o
 .debug_rnglists
                0x0000000000000031       0x8c ./Src/GUI_Paint.o
 .debug_rnglists
                0x00000000000000bd       0x5e ./Src/LCD_1inch28.o
 .debug_rnglists
                0x000000000000011b       0x1f ./Src/display_driver.o
 .debug_rnglists
                0x000000000000013a       0x13 ./Src/fpu.o
 .debug_rnglists
                0x000000000000014d       0x4c ./Src/i2c.o
 .debug_rnglists
                0x0000000000000199       0x13 ./Src/main.o
 .debug_rnglists
                0x00000000000001ac       0x2c ./Src/max30102.o
 .debug_rnglists
                0x00000000000001d8       0x26 ./Src/max30102_lib.o
 .debug_rnglists
                0x00000000000001fe       0x26 ./Src/pulse_ox_display.o
 .debug_rnglists
                0x0000000000000224       0x56 ./Src/pulse_oximetry_lib.o
 .debug_rnglists
                0x000000000000027a       0x86 ./Src/rtc.o
 .debug_rnglists
                0x0000000000000300       0x30 ./Src/spi.o
 .debug_rnglists
                0x0000000000000330       0x79 ./Src/syscalls.o
 .debug_rnglists
                0x00000000000003a9       0x13 ./Src/sysmem.o
 .debug_rnglists
                0x00000000000003bc       0x2b ./Src/timebase.o
 .debug_rnglists
                0x00000000000003e7       0x2c ./Src/uart.o
 .debug_rnglists
                0x0000000000000413       0x19 ./Startup/startup_stm32f411retx.o

.debug_macro    0x0000000000000000    0x11711
 .debug_macro   0x0000000000000000      0x1e8 ./Src/DEV_Config.o
 .debug_macro   0x00000000000001e8      0xaba ./Src/DEV_Config.o
 .debug_macro   0x0000000000000ca2       0x28 ./Src/DEV_Config.o
 .debug_macro   0x0000000000000cca       0x28 ./Src/DEV_Config.o
 .debug_macro   0x0000000000000cf2       0x22 ./Src/DEV_Config.o
 .debug_macro   0x0000000000000d14       0x8e ./Src/DEV_Config.o
 .debug_macro   0x0000000000000da2       0x51 ./Src/DEV_Config.o
 .debug_macro   0x0000000000000df3      0x103 ./Src/DEV_Config.o
 .debug_macro   0x0000000000000ef6       0x6a ./Src/DEV_Config.o
 .debug_macro   0x0000000000000f60      0x1df ./Src/DEV_Config.o
 .debug_macro   0x000000000000113f       0x1c ./Src/DEV_Config.o
 .debug_macro   0x000000000000115b       0x22 ./Src/DEV_Config.o
 .debug_macro   0x000000000000117d       0xd9 ./Src/DEV_Config.o
 .debug_macro   0x0000000000001256     0x102d ./Src/DEV_Config.o
 .debug_macro   0x0000000000002283      0x11f ./Src/DEV_Config.o
 .debug_macro   0x00000000000023a2     0xb94c ./Src/DEV_Config.o
 .debug_macro   0x000000000000dcee       0x43 ./Src/DEV_Config.o
 .debug_macro   0x000000000000dd31       0x61 ./Src/DEV_Config.o
 .debug_macro   0x000000000000dd92       0x2a ./Src/DEV_Config.o
 .debug_macro   0x000000000000ddbc       0x43 ./Src/DEV_Config.o
 .debug_macro   0x000000000000ddff       0x34 ./Src/DEV_Config.o
 .debug_macro   0x000000000000de33       0x16 ./Src/DEV_Config.o
 .debug_macro   0x000000000000de49       0x97 ./Src/DEV_Config.o
 .debug_macro   0x000000000000dee0      0x369 ./Src/DEV_Config.o
 .debug_macro   0x000000000000e249       0xfd ./Src/DEV_Config.o
 .debug_macro   0x000000000000e346       0x10 ./Src/DEV_Config.o
 .debug_macro   0x000000000000e356       0x16 ./Src/DEV_Config.o
 .debug_macro   0x000000000000e36c       0x43 ./Src/DEV_Config.o
 .debug_macro   0x000000000000e3af       0x34 ./Src/DEV_Config.o
 .debug_macro   0x000000000000e3e3       0x10 ./Src/DEV_Config.o
 .debug_macro   0x000000000000e3f3       0x58 ./Src/DEV_Config.o
 .debug_macro   0x000000000000e44b       0x8e ./Src/DEV_Config.o
 .debug_macro   0x000000000000e4d9       0x1c ./Src/DEV_Config.o
 .debug_macro   0x000000000000e4f5      0x177 ./Src/DEV_Config.o
 .debug_macro   0x000000000000e66c       0x16 ./Src/DEV_Config.o
 .debug_macro   0x000000000000e682       0x16 ./Src/DEV_Config.o
 .debug_macro   0x000000000000e698      0x147 ./Src/DEV_Config.o
 .debug_macro   0x000000000000e7df       0x10 ./Src/DEV_Config.o
 .debug_macro   0x000000000000e7ef       0x76 ./Src/DEV_Config.o
 .debug_macro   0x000000000000e865       0x16 ./Src/DEV_Config.o
 .debug_macro   0x000000000000e87b       0x2e ./Src/DEV_Config.o
 .debug_macro   0x000000000000e8a9       0x40 ./Src/DEV_Config.o
 .debug_macro   0x000000000000e8e9      0x27e ./Src/GUI_Paint.o
 .debug_macro   0x000000000000eb67       0x1c ./Src/GUI_Paint.o
 .debug_macro   0x000000000000eb83       0xc9 ./Src/GUI_Paint.o
 .debug_macro   0x000000000000ec4c       0x16 ./Src/GUI_Paint.o
 .debug_macro   0x000000000000ec62       0x35 ./Src/GUI_Paint.o
 .debug_macro   0x000000000000ec97       0x16 ./Src/GUI_Paint.o
 .debug_macro   0x000000000000ecad       0x29 ./Src/GUI_Paint.o
 .debug_macro   0x000000000000ecd6       0x16 ./Src/GUI_Paint.o
 .debug_macro   0x000000000000ecec       0x20 ./Src/GUI_Paint.o
 .debug_macro   0x000000000000ed0c      0x19b ./Src/GUI_Paint.o
 .debug_macro   0x000000000000eea7      0x22b ./Src/LCD_1inch28.o
 .debug_macro   0x000000000000f0d2       0x46 ./Src/LCD_1inch28.o
 .debug_macro   0x000000000000f118      0x1e1 ./Src/display_driver.o
 .debug_macro   0x000000000000f2f9       0x28 ./Src/display_driver.o
 .debug_macro   0x000000000000f321       0x22 ./Src/display_driver.o
 .debug_macro   0x000000000000f343       0x6c ./Src/font16.o
 .debug_macro   0x000000000000f3af       0x6c ./Src/font24.o
 .debug_macro   0x000000000000f41b       0xce ./Src/fpu.o
 .debug_macro   0x000000000000f4e9      0x144 ./Src/i2c.o
 .debug_macro   0x000000000000f62d      0x2c4 ./Src/main.o
 .debug_macro   0x000000000000f8f1       0x22 ./Src/main.o
 .debug_macro   0x000000000000f913       0x58 ./Src/main.o
 .debug_macro   0x000000000000f96b       0x9a ./Src/main.o
 .debug_macro   0x000000000000fa05       0x28 ./Src/main.o
 .debug_macro   0x000000000000fa2d       0x85 ./Src/max30102.o
 .debug_macro   0x000000000000fab2       0x94 ./Src/max30102.o
 .debug_macro   0x000000000000fb46      0x283 ./Src/max30102_lib.o
 .debug_macro   0x000000000000fdc9      0x261 ./Src/pulse_ox_display.o
 .debug_macro   0x000000000001002a      0x172 ./Src/pulse_oximetry_lib.o
 .debug_macro   0x000000000001019c      0x174 ./Src/pulse_oximetry_lib.o
 .debug_macro   0x0000000000010310       0x1c ./Src/pulse_oximetry_lib.o
 .debug_macro   0x000000000001032c       0x1c ./Src/pulse_oximetry_lib.o
 .debug_macro   0x0000000000010348      0x13e ./Src/rtc.o
 .debug_macro   0x0000000000010486       0xfb ./Src/spi.o
 .debug_macro   0x0000000000010581      0x274 ./Src/syscalls.o
 .debug_macro   0x00000000000107f5       0x5b ./Src/syscalls.o
 .debug_macro   0x0000000000010850       0x94 ./Src/syscalls.o
 .debug_macro   0x00000000000108e4       0x57 ./Src/syscalls.o
 .debug_macro   0x000000000001093b       0x10 ./Src/syscalls.o
 .debug_macro   0x000000000001094b       0x10 ./Src/syscalls.o
 .debug_macro   0x000000000001095b       0x10 ./Src/syscalls.o
 .debug_macro   0x000000000001096b       0x10 ./Src/syscalls.o
 .debug_macro   0x000000000001097b       0x1c ./Src/syscalls.o
 .debug_macro   0x0000000000010997       0x52 ./Src/syscalls.o
 .debug_macro   0x00000000000109e9       0x22 ./Src/syscalls.o
 .debug_macro   0x0000000000010a0b       0x10 ./Src/syscalls.o
 .debug_macro   0x0000000000010a1b       0x52 ./Src/syscalls.o
 .debug_macro   0x0000000000010a6d       0xcf ./Src/syscalls.o
 .debug_macro   0x0000000000010b3c       0x1c ./Src/syscalls.o
 .debug_macro   0x0000000000010b58       0x3d ./Src/syscalls.o
 .debug_macro   0x0000000000010b95       0x35 ./Src/syscalls.o
 .debug_macro   0x0000000000010bca      0x12c ./Src/syscalls.o
 .debug_macro   0x0000000000010cf6       0x10 ./Src/syscalls.o
 .debug_macro   0x0000000000010d06      0x242 ./Src/syscalls.o
 .debug_macro   0x0000000000010f48       0x10 ./Src/syscalls.o
 .debug_macro   0x0000000000010f58      0x18a ./Src/syscalls.o
 .debug_macro   0x00000000000110e2       0x16 ./Src/syscalls.o
 .debug_macro   0x00000000000110f8       0xce ./Src/syscalls.o
 .debug_macro   0x00000000000111c6       0xff ./Src/sysmem.o
 .debug_macro   0x00000000000112c5      0x23c ./Src/sysmem.o
 .debug_macro   0x0000000000011501      0x108 ./Src/timebase.o
 .debug_macro   0x0000000000011609      0x108 ./Src/uart.o

.debug_line     0x0000000000000000     0x937d
 .debug_line    0x0000000000000000      0x720 ./Src/DEV_Config.o
 .debug_line    0x0000000000000720     0x1113 ./Src/GUI_Paint.o
 .debug_line    0x0000000000001833      0x9ad ./Src/LCD_1inch28.o
 .debug_line    0x00000000000021e0      0x6e2 ./Src/display_driver.o
 .debug_line    0x00000000000028c2      0x401 ./Src/font16.o
 .debug_line    0x0000000000002cc3      0x401 ./Src/font24.o